{
    "isDeclaration": false,
    "languageVersion": "EcmaScript5",
    "sourceUnit": {
        "kind": "SourceUnit",
        "fullStart": 0,
        "fullEnd": 18,
        "start": 0,
        "end": 18,
        "fullWidth": 18,
        "width": 18,
        "moduleElements": [
            {
                "kind": "ForInStatement",
                "fullStart": 0,
                "fullEnd": 18,
                "start": 0,
                "end": 18,
                "fullWidth": 18,
                "width": 18,
                "forKeyword": {
                    "kind": "ForKeyword",
                    "fullStart": 0,
                    "fullEnd": 4,
                    "start": 0,
                    "end": 3,
                    "fullWidth": 4,
                    "width": 3,
                    "text": "for",
                    "value": "for",
                    "valueText": "for",
                    "hasTrailingTrivia": true,
                    "trailingTrivia": [
                        {
                            "kind": "WhitespaceTrivia",
                            "fullStart": 3,
                            "fullEnd": 4,
                            "text": " "
                        }
                    ]
                },
                "openParenToken": {
                    "kind": "OpenParenToken",
                    "fullStart": 4,
                    "fullEnd": 5,
                    "start": 4,
                    "end": 5,
                    "fullWidth": 1,
                    "width": 1,
                    "text": "(",
                    "value": "(",
                    "valueText": "("
                },
                "left": {
                    "kind": "ObjectLiteralExpression",
                    "fullStart": 5,
                    "fullEnd": 8,
                    "start": 5,
                    "end": 7,
                    "fullWidth": 3,
                    "width": 2,
                    "openBraceToken": {
                        "kind": "OpenBraceToken",
                        "fullStart": 5,
                        "fullEnd": 6,
                        "start": 5,
                        "end": 6,
                        "fullWidth": 1,
                        "width": 1,
                        "text": "{",
                        "value": "{",
                        "valueText": "{"
                    },
                    "propertyAssignments": [],
                    "closeBraceToken": {
                        "kind": "CloseBraceToken",
                        "fullStart": 6,
                        "fullEnd": 8,
                        "start": 6,
                        "end": 7,
                        "fullWidth": 2,
                        "width": 1,
                        "text": "}",
                        "value": "}",
                        "valueText": "}",
                        "hasTrailingTrivia": true,
                        "trailingTrivia": [
                            {
                                "kind": "WhitespaceTrivia",
                                "fullStart": 7,
                                "fullEnd": 8,
                                "text": " "
                            }
                        ]
                    }
                },
                "inKeyword": {
                    "kind": "InKeyword",
                    "fullStart": 8,
                    "fullEnd": 11,
                    "start": 8,
                    "end": 10,
                    "fullWidth": 3,
                    "width": 2,
                    "text": "in",
                    "value": "in",
                    "valueText": "in",
                    "hasTrailingTrivia": true,
                    "trailingTrivia": [
                        {
                            "kind": "WhitespaceTrivia",
                            "fullStart": 10,
                            "fullEnd": 11,
                            "text": " "
                        }
                    ]
                },
                "expression": {
                    "kind": "IdentifierName",
                    "fullStart": 11,
                    "fullEnd": 12,
                    "start": 11,
                    "end": 12,
                    "fullWidth": 1,
                    "width": 1,
                    "text": "b",
                    "value": "b",
                    "valueText": "b"
                },
                "closeParenToken": {
                    "kind": "CloseParenToken",
                    "fullStart": 12,
                    "fullEnd": 14,
                    "start": 12,
                    "end": 13,
                    "fullWidth": 2,
                    "width": 1,
                    "text": ")",
                    "value": ")",
                    "valueText": ")",
                    "hasTrailingTrivia": true,
                    "trailingTrivia": [
                        {
                            "kind": "WhitespaceTrivia",
                            "fullStart": 13,
                            "fullEnd": 14,
                            "text": " "
                        }
                    ]
                },
                "statement": {
                    "kind": "Block",
                    "fullStart": 14,
                    "fullEnd": 18,
                    "start": 14,
                    "end": 18,
                    "fullWidth": 4,
                    "width": 4,
                    "openBraceToken": {
                        "kind": "OpenBraceToken",
                        "fullStart": 14,
                        "fullEnd": 17,
                        "start": 14,
                        "end": 15,
                        "fullWidth": 3,
                        "width": 1,
                        "text": "{",
                        "value": "{",
                        "valueText": "{",
                        "hasTrailingTrivia": true,
                        "hasTrailingNewLine": true,
                        "trailingTrivia": [
                            {
                                "kind": "NewLineTrivia",
                                "fullStart": 15,
                                "fullEnd": 17,
                                "text": "\r\n"
                            }
                        ]
                    },
                    "statements": [],
                    "closeBraceToken": {
                        "kind": "CloseBraceToken",
                        "fullStart": 17,
                        "fullEnd": 18,
                        "start": 17,
                        "end": 18,
                        "fullWidth": 1,
                        "width": 1,
                        "text": "}",
                        "value": "}",
                        "valueText": "}"
                    }
                }
            }
        ],
        "endOfFileToken": {
            "kind": "EndOfFileToken",
            "fullStart": 18,
            "fullEnd": 18,
            "start": 18,
            "end": 18,
            "fullWidth": 0,
            "width": 0,
            "text": ""
        }
    },
    "lineMap": {
        "lineStarts": [
            0,
            17
        ],
        "length": 18
    }
}