{
    "isDeclaration": false,
    "languageVersion": "EcmaScript5",
    "sourceUnit": {
        "kind": "SourceUnit",
        "fullStart": 0,
        "fullEnd": 21,
        "start": 0,
        "end": 21,
        "fullWidth": 21,
        "width": 21,
        "moduleElements": [
            {
                "kind": "ForInStatement",
                "fullStart": 0,
                "fullEnd": 21,
                "start": 0,
                "end": 21,
                "fullWidth": 21,
                "width": 21,
                "forKeyword": {
                    "kind": "ForKeyword",
                    "fullStart": 0,
                    "fullEnd": 4,
                    "start": 0,
                    "end": 3,
                    "fullWidth": 4,
                    "width": 3,
                    "text": "for",
                    "value": "for",
                    "valueText": "for",
                    "hasTrailingTrivia": true,
                    "trailingTrivia": [
                        {
                            "kind": "WhitespaceTrivia",
                            "fullStart": 3,
                            "fullEnd": 4,
                            "text": " "
                        }
                    ]
                },
                "openParenToken": {
                    "kind": "OpenParenToken",
                    "fullStart": 4,
                    "fullEnd": 5,
                    "start": 4,
                    "end": 5,
                    "fullWidth": 1,
                    "width": 1,
                    "text": "(",
                    "value": "(",
                    "valueText": "("
                },
                "left": {
                    "kind": "InvocationExpression",
                    "fullStart": 5,
                    "fullEnd": 11,
                    "start": 5,
                    "end": 10,
                    "fullWidth": 6,
                    "width": 5,
                    "expression": {
                        "kind": "IdentifierName",
                        "fullStart": 5,
                        "fullEnd": 8,
                        "start": 5,
                        "end": 8,
                        "fullWidth": 3,
                        "width": 3,
                        "text": "foo",
                        "value": "foo",
                        "valueText": "foo"
                    },
                    "argumentList": {
                        "kind": "ArgumentList",
                        "fullStart": 8,
                        "fullEnd": 11,
                        "start": 8,
                        "end": 10,
                        "fullWidth": 3,
                        "width": 2,
                        "openParenToken": {
                            "kind": "OpenParenToken",
                            "fullStart": 8,
                            "fullEnd": 9,
                            "start": 8,
                            "end": 9,
                            "fullWidth": 1,
                            "width": 1,
                            "text": "(",
                            "value": "(",
                            "valueText": "("
                        },
                        "arguments": [],
                        "closeParenToken": {
                            "kind": "CloseParenToken",
                            "fullStart": 9,
                            "fullEnd": 11,
                            "start": 9,
                            "end": 10,
                            "fullWidth": 2,
                            "width": 1,
                            "text": ")",
                            "value": ")",
                            "valueText": ")",
                            "hasTrailingTrivia": true,
                            "trailingTrivia": [
                                {
                                    "kind": "WhitespaceTrivia",
                                    "fullStart": 10,
                                    "fullEnd": 11,
                                    "text": " "
                                }
                            ]
                        }
                    }
                },
                "inKeyword": {
                    "kind": "InKeyword",
                    "fullStart": 11,
                    "fullEnd": 14,
                    "start": 11,
                    "end": 13,
                    "fullWidth": 3,
                    "width": 2,
                    "text": "in",
                    "value": "in",
                    "valueText": "in",
                    "hasTrailingTrivia": true,
                    "trailingTrivia": [
                        {
                            "kind": "WhitespaceTrivia",
                            "fullStart": 13,
                            "fullEnd": 14,
                            "text": " "
                        }
                    ]
                },
                "expression": {
                    "kind": "IdentifierName",
                    "fullStart": 14,
                    "fullEnd": 15,
                    "start": 14,
                    "end": 15,
                    "fullWidth": 1,
                    "width": 1,
                    "text": "b",
                    "value": "b",
                    "valueText": "b"
                },
                "closeParenToken": {
                    "kind": "CloseParenToken",
                    "fullStart": 15,
                    "fullEnd": 17,
                    "start": 15,
                    "end": 16,
                    "fullWidth": 2,
                    "width": 1,
                    "text": ")",
                    "value": ")",
                    "valueText": ")",
                    "hasTrailingTrivia": true,
                    "trailingTrivia": [
                        {
                            "kind": "WhitespaceTrivia",
                            "fullStart": 16,
                            "fullEnd": 17,
                            "text": " "
                        }
                    ]
                },
                "statement": {
                    "kind": "Block",
                    "fullStart": 17,
                    "fullEnd": 21,
                    "start": 17,
                    "end": 21,
                    "fullWidth": 4,
                    "width": 4,
                    "openBraceToken": {
                        "kind": "OpenBraceToken",
                        "fullStart": 17,
                        "fullEnd": 20,
                        "start": 17,
                        "end": 18,
                        "fullWidth": 3,
                        "width": 1,
                        "text": "{",
                        "value": "{",
                        "valueText": "{",
                        "hasTrailingTrivia": true,
                        "hasTrailingNewLine": true,
                        "trailingTrivia": [
                            {
                                "kind": "NewLineTrivia",
                                "fullStart": 18,
                                "fullEnd": 20,
                                "text": "\r\n"
                            }
                        ]
                    },
                    "statements": [],
                    "closeBraceToken": {
                        "kind": "CloseBraceToken",
                        "fullStart": 20,
                        "fullEnd": 21,
                        "start": 20,
                        "end": 21,
                        "fullWidth": 1,
                        "width": 1,
                        "text": "}",
                        "value": "}",
                        "valueText": "}"
                    }
                }
            }
        ],
        "endOfFileToken": {
            "kind": "EndOfFileToken",
            "fullStart": 21,
            "fullEnd": 21,
            "start": 21,
            "end": 21,
            "fullWidth": 0,
            "width": 0,
            "text": ""
        }
    },
    "lineMap": {
        "lineStarts": [
            0,
            20
        ],
        "length": 21
    }
}