{
    "isDeclaration": false,
    "languageVersion": "EcmaScript5",
    "diagnostics": [
        {
            "start": 8,
            "length": 1,
            "diagnosticCode": "Unexpected character {0}.",
            "arguments": [
                "\"\\\""
            ]
        },
        {
            "start": 8,
            "length": 1,
            "diagnosticCode": "Unexpected token; '{0}' expected.",
            "arguments": [
                "type"
            ]
        }
    ],
    "sourceUnit": {
        "kind": "SourceUnit",
        "fullStart": 0,
        "fullEnd": 22,
        "start": 0,
        "end": 22,
        "fullWidth": 22,
        "width": 22,
        "isIncrementallyUnusable": true,
        "moduleElements": [
            {
                "kind": "ExpressionStatement",
                "fullStart": 0,
                "fullEnd": 22,
                "start": 0,
                "end": 22,
                "fullWidth": 22,
                "width": 22,
                "isIncrementallyUnusable": true,
                "expression": {
                    "kind": "InvocationExpression",
                    "fullStart": 0,
                    "fullEnd": 21,
                    "start": 0,
                    "end": 21,
                    "fullWidth": 21,
                    "width": 21,
                    "isIncrementallyUnusable": true,
                    "expression": {
                        "kind": "IdentifierName",
                        "fullStart": 0,
                        "fullEnd": 3,
                        "start": 0,
                        "end": 3,
                        "fullWidth": 3,
                        "width": 3,
                        "text": "Foo",
                        "value": "Foo",
                        "valueText": "Foo"
                    },
                    "argumentList": {
                        "kind": "ArgumentList",
                        "fullStart": 3,
                        "fullEnd": 21,
                        "start": 3,
                        "end": 21,
                        "fullWidth": 18,
                        "width": 18,
                        "isIncrementallyUnusable": true,
                        "typeArgumentList": {
                            "kind": "TypeArgumentList",
                            "fullStart": 3,
                            "fullEnd": 12,
                            "start": 3,
                            "end": 12,
                            "fullWidth": 9,
                            "width": 9,
                            "isIncrementallyUnusable": true,
                            "lessThanToken": {
                                "kind": "LessThanToken",
                                "fullStart": 3,
                                "fullEnd": 4,
                                "start": 3,
                                "end": 4,
                                "fullWidth": 1,
                                "width": 1,
                                "text": "<",
                                "value": "<",
                                "valueText": "<"
                            },
                            "typeArguments": [
                                {
                                    "kind": "IdentifierName",
                                    "fullStart": 4,
                                    "fullEnd": 5,
                                    "start": 4,
                                    "end": 5,
                                    "fullWidth": 1,
                                    "width": 1,
                                    "text": "A",
                                    "value": "A",
                                    "valueText": "A"
                                },
                                {
                                    "kind": "CommaToken",
                                    "fullStart": 5,
                                    "fullEnd": 6,
                                    "start": 5,
                                    "end": 6,
                                    "fullWidth": 1,
                                    "width": 1,
                                    "text": ",",
                                    "value": ",",
                                    "valueText": ","
                                },
                                {
                                    "kind": "IdentifierName",
                                    "fullStart": 6,
                                    "fullEnd": 7,
                                    "start": 6,
                                    "end": 7,
                                    "fullWidth": 1,
                                    "width": 1,
                                    "text": "B",
                                    "value": "B",
                                    "valueText": "B"
                                },
                                {
                                    "kind": "CommaToken",
                                    "fullStart": 7,
                                    "fullEnd": 10,
                                    "start": 7,
                                    "end": 8,
                                    "fullWidth": 3,
                                    "width": 1,
                                    "text": ",",
                                    "value": ",",
                                    "valueText": ",",
                                    "hasTrailingTrivia": true,
                                    "hasTrailingSkippedText": true,
                                    "trailingTrivia": [
                                        {
                                            "kind": "SkippedTokenTrivia",
                                            "skippedToken": {
                                                "kind": "ErrorToken",
                                                "fullStart": 8,
                                                "fullEnd": 9,
                                                "start": 8,
                                                "end": 9,
                                                "fullWidth": 1,
                                                "width": 1,
                                                "text": "\\"
                                            }
                                        },
                                        {
                                            "kind": "WhitespaceTrivia",
                                            "fullStart": 9,
                                            "fullEnd": 10,
                                            "text": " "
                                        }
                                    ]
                                },
                                {
                                    "kind": "IdentifierName",
                                    "fullStart": 10,
                                    "fullEnd": 11,
                                    "start": 10,
                                    "end": 11,
                                    "fullWidth": 1,
                                    "width": 1,
                                    "text": "C",
                                    "value": "C",
                                    "valueText": "C"
                                }
                            ],
                            "greaterThanToken": {
                                "kind": "GreaterThanToken",
                                "fullStart": 11,
                                "fullEnd": 12,
                                "start": 11,
                                "end": 12,
                                "fullWidth": 1,
                                "width": 1,
                                "text": ">",
                                "value": ">",
                                "valueText": ">"
                            }
                        },
                        "openParenToken": {
                            "kind": "OpenParenToken",
                            "fullStart": 12,
                            "fullEnd": 13,
                            "start": 12,
                            "end": 13,
                            "fullWidth": 1,
                            "width": 1,
                            "text": "(",
                            "value": "(",
                            "valueText": "("
                        },
                        "arguments": [
                            {
                                "kind": "NumericLiteral",
                                "fullStart": 13,
                                "fullEnd": 14,
                                "start": 13,
                                "end": 14,
                                "fullWidth": 1,
                                "width": 1,
                                "text": "4",
                                "value": 4,
                                "valueText": "4"
                            },
                            {
                                "kind": "CommaToken",
                                "fullStart": 14,
                                "fullEnd": 16,
                                "start": 14,
                                "end": 15,
                                "fullWidth": 2,
                                "width": 1,
                                "text": ",",
                                "value": ",",
                                "valueText": ",",
                                "hasTrailingTrivia": true,
                                "trailingTrivia": [
                                    {
                                        "kind": "WhitespaceTrivia",
                                        "fullStart": 15,
                                        "fullEnd": 16,
                                        "text": " "
                                    }
                                ]
                            },
                            {
                                "kind": "NumericLiteral",
                                "fullStart": 16,
                                "fullEnd": 17,
                                "start": 16,
                                "end": 17,
                                "fullWidth": 1,
                                "width": 1,
                                "text": "5",
                                "value": 5,
                                "valueText": "5"
                            },
                            {
                                "kind": "CommaToken",
                                "fullStart": 17,
                                "fullEnd": 19,
                                "start": 17,
                                "end": 18,
                                "fullWidth": 2,
                                "width": 1,
                                "text": ",",
                                "value": ",",
                                "valueText": ",",
                                "hasTrailingTrivia": true,
                                "trailingTrivia": [
                                    {
                                        "kind": "WhitespaceTrivia",
                                        "fullStart": 18,
                                        "fullEnd": 19,
                                        "text": " "
                                    }
                                ]
                            },
                            {
                                "kind": "NumericLiteral",
                                "fullStart": 19,
                                "fullEnd": 20,
                                "start": 19,
                                "end": 20,
                                "fullWidth": 1,
                                "width": 1,
                                "text": "6",
                                "value": 6,
                                "valueText": "6"
                            }
                        ],
                        "closeParenToken": {
                            "kind": "CloseParenToken",
                            "fullStart": 20,
                            "fullEnd": 21,
                            "start": 20,
                            "end": 21,
                            "fullWidth": 1,
                            "width": 1,
                            "text": ")",
                            "value": ")",
                            "valueText": ")"
                        }
                    }
                },
                "semicolonToken": {
                    "kind": "SemicolonToken",
                    "fullStart": 21,
                    "fullEnd": 22,
                    "start": 21,
                    "end": 22,
                    "fullWidth": 1,
                    "width": 1,
                    "text": ";",
                    "value": ";",
                    "valueText": ";"
                }
            }
        ],
        "endOfFileToken": {
            "kind": "EndOfFileToken",
            "fullStart": 22,
            "fullEnd": 22,
            "start": 22,
            "end": 22,
            "fullWidth": 0,
            "width": 0,
            "text": ""
        }
    },
    "lineMap": {
        "lineStarts": [
            0
        ],
        "length": 22
    }
}