{
    "isDeclaration": false,
    "languageVersion": "EcmaScript5",
    "sourceUnit": {
        "kind": "SourceUnit",
        "fullStart": 0,
        "fullEnd": 43,
        "start": 0,
        "end": 43,
        "fullWidth": 43,
        "width": 43,
        "moduleElements": [
            {
                "kind": "LabeledStatement",
                "fullStart": 0,
                "fullEnd": 43,
                "start": 0,
                "end": 43,
                "fullWidth": 43,
                "width": 43,
                "identifier": {
                    "kind": "IdentifierName",
                    "fullStart": 0,
                    "fullEnd": 6,
                    "start": 0,
                    "end": 6,
                    "fullWidth": 6,
                    "width": 6,
                    "text": "target",
                    "value": "target",
                    "valueText": "target"
                },
                "colonToken": {
                    "kind": "ColonToken",
                    "fullStart": 6,
                    "fullEnd": 9,
                    "start": 6,
                    "end": 7,
                    "fullWidth": 3,
                    "width": 1,
                    "text": ":",
                    "value": ":",
                    "valueText": ":",
                    "hasTrailingTrivia": true,
                    "hasTrailingNewLine": true,
                    "trailingTrivia": [
                        {
                            "kind": "NewLineTrivia",
                            "fullStart": 7,
                            "fullEnd": 9,
                            "text": "\r\n"
                        }
                    ]
                },
                "statement": {
                    "kind": "WhileStatement",
                    "fullStart": 9,
                    "fullEnd": 43,
                    "start": 9,
                    "end": 43,
                    "fullWidth": 34,
                    "width": 34,
                    "whileKeyword": {
                        "kind": "WhileKeyword",
                        "fullStart": 9,
                        "fullEnd": 15,
                        "start": 9,
                        "end": 14,
                        "fullWidth": 6,
                        "width": 5,
                        "text": "while",
                        "value": "while",
                        "valueText": "while",
                        "hasTrailingTrivia": true,
                        "trailingTrivia": [
                            {
                                "kind": "WhitespaceTrivia",
                                "fullStart": 14,
                                "fullEnd": 15,
                                "text": " "
                            }
                        ]
                    },
                    "openParenToken": {
                        "kind": "OpenParenToken",
                        "fullStart": 15,
                        "fullEnd": 16,
                        "start": 15,
                        "end": 16,
                        "fullWidth": 1,
                        "width": 1,
                        "text": "(",
                        "value": "(",
                        "valueText": "("
                    },
                    "condition": {
                        "kind": "TrueKeyword",
                        "fullStart": 16,
                        "fullEnd": 20,
                        "start": 16,
                        "end": 20,
                        "fullWidth": 4,
                        "width": 4,
                        "text": "true",
                        "value": true,
                        "valueText": "true"
                    },
                    "closeParenToken": {
                        "kind": "CloseParenToken",
                        "fullStart": 20,
                        "fullEnd": 22,
                        "start": 20,
                        "end": 21,
                        "fullWidth": 2,
                        "width": 1,
                        "text": ")",
                        "value": ")",
                        "valueText": ")",
                        "hasTrailingTrivia": true,
                        "trailingTrivia": [
                            {
                                "kind": "WhitespaceTrivia",
                                "fullStart": 21,
                                "fullEnd": 22,
                                "text": " "
                            }
                        ]
                    },
                    "statement": {
                        "kind": "Block",
                        "fullStart": 22,
                        "fullEnd": 43,
                        "start": 22,
                        "end": 43,
                        "fullWidth": 21,
                        "width": 21,
                        "openBraceToken": {
                            "kind": "OpenBraceToken",
                            "fullStart": 22,
                            "fullEnd": 25,
                            "start": 22,
                            "end": 23,
                            "fullWidth": 3,
                            "width": 1,
                            "text": "{",
                            "value": "{",
                            "valueText": "{",
                            "hasTrailingTrivia": true,
                            "hasTrailingNewLine": true,
                            "trailingTrivia": [
                                {
                                    "kind": "NewLineTrivia",
                                    "fullStart": 23,
                                    "fullEnd": 25,
                                    "text": "\r\n"
                                }
                            ]
                        },
                        "statements": [
                            {
                                "kind": "BreakStatement",
                                "fullStart": 25,
                                "fullEnd": 42,
                                "start": 27,
                                "end": 40,
                                "fullWidth": 17,
                                "width": 13,
                                "breakKeyword": {
                                    "kind": "BreakKeyword",
                                    "fullStart": 25,
                                    "fullEnd": 33,
                                    "start": 27,
                                    "end": 32,
                                    "fullWidth": 8,
                                    "width": 5,
                                    "text": "break",
                                    "value": "break",
                                    "valueText": "break",
                                    "hasLeadingTrivia": true,
                                    "hasTrailingTrivia": true,
                                    "leadingTrivia": [
                                        {
                                            "kind": "WhitespaceTrivia",
                                            "fullStart": 25,
                                            "fullEnd": 27,
                                            "text": "  "
                                        }
                                    ],
                                    "trailingTrivia": [
                                        {
                                            "kind": "WhitespaceTrivia",
                                            "fullStart": 32,
                                            "fullEnd": 33,
                                            "text": " "
                                        }
                                    ]
                                },
                                "identifier": {
                                    "kind": "IdentifierName",
                                    "fullStart": 33,
                                    "fullEnd": 39,
                                    "start": 33,
                                    "end": 39,
                                    "fullWidth": 6,
                                    "width": 6,
                                    "text": "target",
                                    "value": "target",
                                    "valueText": "target"
                                },
                                "semicolonToken": {
                                    "kind": "SemicolonToken",
                                    "fullStart": 39,
                                    "fullEnd": 42,
                                    "start": 39,
                                    "end": 40,
                                    "fullWidth": 3,
                                    "width": 1,
                                    "text": ";",
                                    "value": ";",
                                    "valueText": ";",
                                    "hasTrailingTrivia": true,
                                    "hasTrailingNewLine": true,
                                    "trailingTrivia": [
                                        {
                                            "kind": "NewLineTrivia",
                                            "fullStart": 40,
                                            "fullEnd": 42,
                                            "text": "\r\n"
                                        }
                                    ]
                                }
                            }
                        ],
                        "closeBraceToken": {
                            "kind": "CloseBraceToken",
                            "fullStart": 42,
                            "fullEnd": 43,
                            "start": 42,
                            "end": 43,
                            "fullWidth": 1,
                            "width": 1,
                            "text": "}",
                            "value": "}",
                            "valueText": "}"
                        }
                    }
                }
            }
        ],
        "endOfFileToken": {
            "kind": "EndOfFileToken",
            "fullStart": 43,
            "fullEnd": 43,
            "start": 43,
            "end": 43,
            "fullWidth": 0,
            "width": 0,
            "text": ""
        }
    },
    "lineMap": {
        "lineStarts": [
            0,
            9,
            25,
            42
        ],
        "length": 43
    }
}