{
    "isDeclaration": false,
    "languageVersion": "EcmaScript5",
    "sourceUnit": {
        "kind": "SourceUnit",
        "fullStart": 0,
        "fullEnd": 55,
        "start": 0,
        "end": 55,
        "fullWidth": 55,
        "width": 55,
        "moduleElements": [
            {
                "kind": "LabeledStatement",
                "fullStart": 0,
                "fullEnd": 55,
                "start": 0,
                "end": 55,
                "fullWidth": 55,
                "width": 55,
                "identifier": {
                    "kind": "IdentifierName",
                    "fullStart": 0,
                    "fullEnd": 7,
                    "start": 0,
                    "end": 7,
                    "fullWidth": 7,
                    "width": 7,
                    "text": "target1",
                    "value": "target1",
                    "valueText": "target1"
                },
                "colonToken": {
                    "kind": "ColonToken",
                    "fullStart": 7,
                    "fullEnd": 10,
                    "start": 7,
                    "end": 8,
                    "fullWidth": 3,
                    "width": 1,
                    "text": ":",
                    "value": ":",
                    "valueText": ":",
                    "hasTrailingTrivia": true,
                    "hasTrailingNewLine": true,
                    "trailingTrivia": [
                        {
                            "kind": "NewLineTrivia",
                            "fullStart": 8,
                            "fullEnd": 10,
                            "text": "\r\n"
                        }
                    ]
                },
                "statement": {
                    "kind": "LabeledStatement",
                    "fullStart": 10,
                    "fullEnd": 55,
                    "start": 10,
                    "end": 55,
                    "fullWidth": 45,
                    "width": 45,
                    "identifier": {
                        "kind": "IdentifierName",
                        "fullStart": 10,
                        "fullEnd": 17,
                        "start": 10,
                        "end": 17,
                        "fullWidth": 7,
                        "width": 7,
                        "text": "target2",
                        "value": "target2",
                        "valueText": "target2"
                    },
                    "colonToken": {
                        "kind": "ColonToken",
                        "fullStart": 17,
                        "fullEnd": 20,
                        "start": 17,
                        "end": 18,
                        "fullWidth": 3,
                        "width": 1,
                        "text": ":",
                        "value": ":",
                        "valueText": ":",
                        "hasTrailingTrivia": true,
                        "hasTrailingNewLine": true,
                        "trailingTrivia": [
                            {
                                "kind": "NewLineTrivia",
                                "fullStart": 18,
                                "fullEnd": 20,
                                "text": "\r\n"
                            }
                        ]
                    },
                    "statement": {
                        "kind": "WhileStatement",
                        "fullStart": 20,
                        "fullEnd": 55,
                        "start": 20,
                        "end": 55,
                        "fullWidth": 35,
                        "width": 35,
                        "whileKeyword": {
                            "kind": "WhileKeyword",
                            "fullStart": 20,
                            "fullEnd": 26,
                            "start": 20,
                            "end": 25,
                            "fullWidth": 6,
                            "width": 5,
                            "text": "while",
                            "value": "while",
                            "valueText": "while",
                            "hasTrailingTrivia": true,
                            "trailingTrivia": [
                                {
                                    "kind": "WhitespaceTrivia",
                                    "fullStart": 25,
                                    "fullEnd": 26,
                                    "text": " "
                                }
                            ]
                        },
                        "openParenToken": {
                            "kind": "OpenParenToken",
                            "fullStart": 26,
                            "fullEnd": 27,
                            "start": 26,
                            "end": 27,
                            "fullWidth": 1,
                            "width": 1,
                            "text": "(",
                            "value": "(",
                            "valueText": "("
                        },
                        "condition": {
                            "kind": "TrueKeyword",
                            "fullStart": 27,
                            "fullEnd": 31,
                            "start": 27,
                            "end": 31,
                            "fullWidth": 4,
                            "width": 4,
                            "text": "true",
                            "value": true,
                            "valueText": "true"
                        },
                        "closeParenToken": {
                            "kind": "CloseParenToken",
                            "fullStart": 31,
                            "fullEnd": 33,
                            "start": 31,
                            "end": 32,
                            "fullWidth": 2,
                            "width": 1,
                            "text": ")",
                            "value": ")",
                            "valueText": ")",
                            "hasTrailingTrivia": true,
                            "trailingTrivia": [
                                {
                                    "kind": "WhitespaceTrivia",
                                    "fullStart": 32,
                                    "fullEnd": 33,
                                    "text": " "
                                }
                            ]
                        },
                        "statement": {
                            "kind": "Block",
                            "fullStart": 33,
                            "fullEnd": 55,
                            "start": 33,
                            "end": 55,
                            "fullWidth": 22,
                            "width": 22,
                            "openBraceToken": {
                                "kind": "OpenBraceToken",
                                "fullStart": 33,
                                "fullEnd": 36,
                                "start": 33,
                                "end": 34,
                                "fullWidth": 3,
                                "width": 1,
                                "text": "{",
                                "value": "{",
                                "valueText": "{",
                                "hasTrailingTrivia": true,
                                "hasTrailingNewLine": true,
                                "trailingTrivia": [
                                    {
                                        "kind": "NewLineTrivia",
                                        "fullStart": 34,
                                        "fullEnd": 36,
                                        "text": "\r\n"
                                    }
                                ]
                            },
                            "statements": [
                                {
                                    "kind": "BreakStatement",
                                    "fullStart": 36,
                                    "fullEnd": 54,
                                    "start": 38,
                                    "end": 52,
                                    "fullWidth": 18,
                                    "width": 14,
                                    "breakKeyword": {
                                        "kind": "BreakKeyword",
                                        "fullStart": 36,
                                        "fullEnd": 44,
                                        "start": 38,
                                        "end": 43,
                                        "fullWidth": 8,
                                        "width": 5,
                                        "text": "break",
                                        "value": "break",
                                        "valueText": "break",
                                        "hasLeadingTrivia": true,
                                        "hasTrailingTrivia": true,
                                        "leadingTrivia": [
                                            {
                                                "kind": "WhitespaceTrivia",
                                                "fullStart": 36,
                                                "fullEnd": 38,
                                                "text": "  "
                                            }
                                        ],
                                        "trailingTrivia": [
                                            {
                                                "kind": "WhitespaceTrivia",
                                                "fullStart": 43,
                                                "fullEnd": 44,
                                                "text": " "
                                            }
                                        ]
                                    },
                                    "identifier": {
                                        "kind": "IdentifierName",
                                        "fullStart": 44,
                                        "fullEnd": 51,
                                        "start": 44,
                                        "end": 51,
                                        "fullWidth": 7,
                                        "width": 7,
                                        "text": "target1",
                                        "value": "target1",
                                        "valueText": "target1"
                                    },
                                    "semicolonToken": {
                                        "kind": "SemicolonToken",
                                        "fullStart": 51,
                                        "fullEnd": 54,
                                        "start": 51,
                                        "end": 52,
                                        "fullWidth": 3,
                                        "width": 1,
                                        "text": ";",
                                        "value": ";",
                                        "valueText": ";",
                                        "hasTrailingTrivia": true,
                                        "hasTrailingNewLine": true,
                                        "trailingTrivia": [
                                            {
                                                "kind": "NewLineTrivia",
                                                "fullStart": 52,
                                                "fullEnd": 54,
                                                "text": "\r\n"
                                            }
                                        ]
                                    }
                                }
                            ],
                            "closeBraceToken": {
                                "kind": "CloseBraceToken",
                                "fullStart": 54,
                                "fullEnd": 55,
                                "start": 54,
                                "end": 55,
                                "fullWidth": 1,
                                "width": 1,
                                "text": "}",
                                "value": "}",
                                "valueText": "}"
                            }
                        }
                    }
                }
            }
        ],
        "endOfFileToken": {
            "kind": "EndOfFileToken",
            "fullStart": 55,
            "fullEnd": 55,
            "start": 55,
            "end": 55,
            "fullWidth": 0,
            "width": 0,
            "text": ""
        }
    },
    "lineMap": {
        "lineStarts": [
            0,
            10,
            20,
            36,
            54
        ],
        "length": 55
    }
}