{
    "isDeclaration": false,
    "languageVersion": "EcmaScript5",
    "diagnostics": [
        {
            "start": 18,
            "length": 13,
            "diagnosticCode": "Jump target not found."
        }
    ],
    "sourceUnit": {
        "kind": "SourceUnit",
        "fullStart": 0,
        "fullEnd": 34,
        "start": 0,
        "end": 34,
        "fullWidth": 34,
        "width": 34,
        "moduleElements": [
            {
                "kind": "WhileStatement",
                "fullStart": 0,
                "fullEnd": 34,
                "start": 0,
                "end": 34,
                "fullWidth": 34,
                "width": 34,
                "whileKeyword": {
                    "kind": "WhileKeyword",
                    "fullStart": 0,
                    "fullEnd": 6,
                    "start": 0,
                    "end": 5,
                    "fullWidth": 6,
                    "width": 5,
                    "text": "while",
                    "value": "while",
                    "valueText": "while",
                    "hasTrailingTrivia": true,
                    "trailingTrivia": [
                        {
                            "kind": "WhitespaceTrivia",
                            "fullStart": 5,
                            "fullEnd": 6,
                            "text": " "
                        }
                    ]
                },
                "openParenToken": {
                    "kind": "OpenParenToken",
                    "fullStart": 6,
                    "fullEnd": 7,
                    "start": 6,
                    "end": 7,
                    "fullWidth": 1,
                    "width": 1,
                    "text": "(",
                    "value": "(",
                    "valueText": "("
                },
                "condition": {
                    "kind": "TrueKeyword",
                    "fullStart": 7,
                    "fullEnd": 11,
                    "start": 7,
                    "end": 11,
                    "fullWidth": 4,
                    "width": 4,
                    "text": "true",
                    "value": true,
                    "valueText": "true"
                },
                "closeParenToken": {
                    "kind": "CloseParenToken",
                    "fullStart": 11,
                    "fullEnd": 13,
                    "start": 11,
                    "end": 12,
                    "fullWidth": 2,
                    "width": 1,
                    "text": ")",
                    "value": ")",
                    "valueText": ")",
                    "hasTrailingTrivia": true,
                    "trailingTrivia": [
                        {
                            "kind": "WhitespaceTrivia",
                            "fullStart": 12,
                            "fullEnd": 13,
                            "text": " "
                        }
                    ]
                },
                "statement": {
                    "kind": "Block",
                    "fullStart": 13,
                    "fullEnd": 34,
                    "start": 13,
                    "end": 34,
                    "fullWidth": 21,
                    "width": 21,
                    "openBraceToken": {
                        "kind": "OpenBraceToken",
                        "fullStart": 13,
                        "fullEnd": 16,
                        "start": 13,
                        "end": 14,
                        "fullWidth": 3,
                        "width": 1,
                        "text": "{",
                        "value": "{",
                        "valueText": "{",
                        "hasTrailingTrivia": true,
                        "hasTrailingNewLine": true,
                        "trailingTrivia": [
                            {
                                "kind": "NewLineTrivia",
                                "fullStart": 14,
                                "fullEnd": 16,
                                "text": "\r\n"
                            }
                        ]
                    },
                    "statements": [
                        {
                            "kind": "BreakStatement",
                            "fullStart": 16,
                            "fullEnd": 33,
                            "start": 18,
                            "end": 31,
                            "fullWidth": 17,
                            "width": 13,
                            "breakKeyword": {
                                "kind": "BreakKeyword",
                                "fullStart": 16,
                                "fullEnd": 24,
                                "start": 18,
                                "end": 23,
                                "fullWidth": 8,
                                "width": 5,
                                "text": "break",
                                "value": "break",
                                "valueText": "break",
                                "hasLeadingTrivia": true,
                                "hasTrailingTrivia": true,
                                "leadingTrivia": [
                                    {
                                        "kind": "WhitespaceTrivia",
                                        "fullStart": 16,
                                        "fullEnd": 18,
                                        "text": "  "
                                    }
                                ],
                                "trailingTrivia": [
                                    {
                                        "kind": "WhitespaceTrivia",
                                        "fullStart": 23,
                                        "fullEnd": 24,
                                        "text": " "
                                    }
                                ]
                            },
                            "identifier": {
                                "kind": "IdentifierName",
                                "fullStart": 24,
                                "fullEnd": 30,
                                "start": 24,
                                "end": 30,
                                "fullWidth": 6,
                                "width": 6,
                                "text": "target",
                                "value": "target",
                                "valueText": "target"
                            },
                            "semicolonToken": {
                                "kind": "SemicolonToken",
                                "fullStart": 30,
                                "fullEnd": 33,
                                "start": 30,
                                "end": 31,
                                "fullWidth": 3,
                                "width": 1,
                                "text": ";",
                                "value": ";",
                                "valueText": ";",
                                "hasTrailingTrivia": true,
                                "hasTrailingNewLine": true,
                                "trailingTrivia": [
                                    {
                                        "kind": "NewLineTrivia",
                                        "fullStart": 31,
                                        "fullEnd": 33,
                                        "text": "\r\n"
                                    }
                                ]
                            }
                        }
                    ],
                    "closeBraceToken": {
                        "kind": "CloseBraceToken",
                        "fullStart": 33,
                        "fullEnd": 34,
                        "start": 33,
                        "end": 34,
                        "fullWidth": 1,
                        "width": 1,
                        "text": "}",
                        "value": "}",
                        "valueText": "}"
                    }
                }
            }
        ],
        "endOfFileToken": {
            "kind": "EndOfFileToken",
            "fullStart": 34,
            "fullEnd": 34,
            "start": 34,
            "end": 34,
            "fullWidth": 0,
            "width": 0,
            "text": ""
        }
    },
    "lineMap": {
        "lineStarts": [
            0,
            16,
            33
        ],
        "length": 34
    }
}