{
    "isDeclaration": false,
    "languageVersion": "EcmaScript5",
    "diagnostics": [
        {
            "start": 38,
            "length": 9,
            "diagnosticCode": "Jump target cannot cross function boundary."
        }
    ],
    "sourceUnit": {
        "kind": "SourceUnit",
        "fullStart": 0,
        "fullEnd": 55,
        "start": 0,
        "end": 55,
        "fullWidth": 55,
        "width": 55,
        "moduleElements": [
            {
                "kind": "WhileStatement",
                "fullStart": 0,
                "fullEnd": 55,
                "start": 0,
                "end": 55,
                "fullWidth": 55,
                "width": 55,
                "whileKeyword": {
                    "kind": "WhileKeyword",
                    "fullStart": 0,
                    "fullEnd": 6,
                    "start": 0,
                    "end": 5,
                    "fullWidth": 6,
                    "width": 5,
                    "text": "while",
                    "value": "while",
                    "valueText": "while",
                    "hasTrailingTrivia": true,
                    "trailingTrivia": [
                        {
                            "kind": "WhitespaceTrivia",
                            "fullStart": 5,
                            "fullEnd": 6,
                            "text": " "
                        }
                    ]
                },
                "openParenToken": {
                    "kind": "OpenParenToken",
                    "fullStart": 6,
                    "fullEnd": 7,
                    "start": 6,
                    "end": 7,
                    "fullWidth": 1,
                    "width": 1,
                    "text": "(",
                    "value": "(",
                    "valueText": "("
                },
                "condition": {
                    "kind": "TrueKeyword",
                    "fullStart": 7,
                    "fullEnd": 11,
                    "start": 7,
                    "end": 11,
                    "fullWidth": 4,
                    "width": 4,
                    "text": "true",
                    "value": true,
                    "valueText": "true"
                },
                "closeParenToken": {
                    "kind": "CloseParenToken",
                    "fullStart": 11,
                    "fullEnd": 13,
                    "start": 11,
                    "end": 12,
                    "fullWidth": 2,
                    "width": 1,
                    "text": ")",
                    "value": ")",
                    "valueText": ")",
                    "hasTrailingTrivia": true,
                    "trailingTrivia": [
                        {
                            "kind": "WhitespaceTrivia",
                            "fullStart": 12,
                            "fullEnd": 13,
                            "text": " "
                        }
                    ]
                },
                "statement": {
                    "kind": "Block",
                    "fullStart": 13,
                    "fullEnd": 55,
                    "start": 13,
                    "end": 55,
                    "fullWidth": 42,
                    "width": 42,
                    "openBraceToken": {
                        "kind": "OpenBraceToken",
                        "fullStart": 13,
                        "fullEnd": 16,
                        "start": 13,
                        "end": 14,
                        "fullWidth": 3,
                        "width": 1,
                        "text": "{",
                        "value": "{",
                        "valueText": "{",
                        "hasTrailingTrivia": true,
                        "hasTrailingNewLine": true,
                        "trailingTrivia": [
                            {
                                "kind": "NewLineTrivia",
                                "fullStart": 14,
                                "fullEnd": 16,
                                "text": "\r\n"
                            }
                        ]
                    },
                    "statements": [
                        {
                            "kind": "FunctionDeclaration",
                            "fullStart": 16,
                            "fullEnd": 54,
                            "start": 18,
                            "end": 52,
                            "fullWidth": 38,
                            "width": 34,
                            "modifiers": [],
                            "functionKeyword": {
                                "kind": "FunctionKeyword",
                                "fullStart": 16,
                                "fullEnd": 27,
                                "start": 18,
                                "end": 26,
                                "fullWidth": 11,
                                "width": 8,
                                "text": "function",
                                "value": "function",
                                "valueText": "function",
                                "hasLeadingTrivia": true,
                                "hasTrailingTrivia": true,
                                "leadingTrivia": [
                                    {
                                        "kind": "WhitespaceTrivia",
                                        "fullStart": 16,
                                        "fullEnd": 18,
                                        "text": "  "
                                    }
                                ],
                                "trailingTrivia": [
                                    {
                                        "kind": "WhitespaceTrivia",
                                        "fullStart": 26,
                                        "fullEnd": 27,
                                        "text": " "
                                    }
                                ]
                            },
                            "identifier": {
                                "kind": "IdentifierName",
                                "fullStart": 27,
                                "fullEnd": 28,
                                "start": 27,
                                "end": 28,
                                "fullWidth": 1,
                                "width": 1,
                                "text": "f",
                                "value": "f",
                                "valueText": "f"
                            },
                            "callSignature": {
                                "kind": "CallSignature",
                                "fullStart": 28,
                                "fullEnd": 31,
                                "start": 28,
                                "end": 30,
                                "fullWidth": 3,
                                "width": 2,
                                "parameterList": {
                                    "kind": "ParameterList",
                                    "fullStart": 28,
                                    "fullEnd": 31,
                                    "start": 28,
                                    "end": 30,
                                    "fullWidth": 3,
                                    "width": 2,
                                    "openParenToken": {
                                        "kind": "OpenParenToken",
                                        "fullStart": 28,
                                        "fullEnd": 29,
                                        "start": 28,
                                        "end": 29,
                                        "fullWidth": 1,
                                        "width": 1,
                                        "text": "(",
                                        "value": "(",
                                        "valueText": "("
                                    },
                                    "parameters": [],
                                    "closeParenToken": {
                                        "kind": "CloseParenToken",
                                        "fullStart": 29,
                                        "fullEnd": 31,
                                        "start": 29,
                                        "end": 30,
                                        "fullWidth": 2,
                                        "width": 1,
                                        "text": ")",
                                        "value": ")",
                                        "valueText": ")",
                                        "hasTrailingTrivia": true,
                                        "trailingTrivia": [
                                            {
                                                "kind": "WhitespaceTrivia",
                                                "fullStart": 30,
                                                "fullEnd": 31,
                                                "text": " "
                                            }
                                        ]
                                    }
                                }
                            },
                            "block": {
                                "kind": "Block",
                                "fullStart": 31,
                                "fullEnd": 54,
                                "start": 31,
                                "end": 52,
                                "fullWidth": 23,
                                "width": 21,
                                "openBraceToken": {
                                    "kind": "OpenBraceToken",
                                    "fullStart": 31,
                                    "fullEnd": 34,
                                    "start": 31,
                                    "end": 32,
                                    "fullWidth": 3,
                                    "width": 1,
                                    "text": "{",
                                    "value": "{",
                                    "valueText": "{",
                                    "hasTrailingTrivia": true,
                                    "hasTrailingNewLine": true,
                                    "trailingTrivia": [
                                        {
                                            "kind": "NewLineTrivia",
                                            "fullStart": 32,
                                            "fullEnd": 34,
                                            "text": "\r\n"
                                        }
                                    ]
                                },
                                "statements": [
                                    {
                                        "kind": "ContinueStatement",
                                        "fullStart": 34,
                                        "fullEnd": 49,
                                        "start": 38,
                                        "end": 47,
                                        "fullWidth": 15,
                                        "width": 9,
                                        "continueKeyword": {
                                            "kind": "ContinueKeyword",
                                            "fullStart": 34,
                                            "fullEnd": 46,
                                            "start": 38,
                                            "end": 46,
                                            "fullWidth": 12,
                                            "width": 8,
                                            "text": "continue",
                                            "value": "continue",
                                            "valueText": "continue",
                                            "hasLeadingTrivia": true,
                                            "leadingTrivia": [
                                                {
                                                    "kind": "WhitespaceTrivia",
                                                    "fullStart": 34,
                                                    "fullEnd": 38,
                                                    "text": "    "
                                                }
                                            ]
                                        },
                                        "semicolonToken": {
                                            "kind": "SemicolonToken",
                                            "fullStart": 46,
                                            "fullEnd": 49,
                                            "start": 46,
                                            "end": 47,
                                            "fullWidth": 3,
                                            "width": 1,
                                            "text": ";",
                                            "value": ";",
                                            "valueText": ";",
                                            "hasTrailingTrivia": true,
                                            "hasTrailingNewLine": true,
                                            "trailingTrivia": [
                                                {
                                                    "kind": "NewLineTrivia",
                                                    "fullStart": 47,
                                                    "fullEnd": 49,
                                                    "text": "\r\n"
                                                }
                                            ]
                                        }
                                    }
                                ],
                                "closeBraceToken": {
                                    "kind": "CloseBraceToken",
                                    "fullStart": 49,
                                    "fullEnd": 54,
                                    "start": 51,
                                    "end": 52,
                                    "fullWidth": 5,
                                    "width": 1,
                                    "text": "}",
                                    "value": "}",
                                    "valueText": "}",
                                    "hasLeadingTrivia": true,
                                    "hasTrailingTrivia": true,
                                    "hasTrailingNewLine": true,
                                    "leadingTrivia": [
                                        {
                                            "kind": "WhitespaceTrivia",
                                            "fullStart": 49,
                                            "fullEnd": 51,
                                            "text": "  "
                                        }
                                    ],
                                    "trailingTrivia": [
                                        {
                                            "kind": "NewLineTrivia",
                                            "fullStart": 52,
                                            "fullEnd": 54,
                                            "text": "\r\n"
                                        }
                                    ]
                                }
                            }
                        }
                    ],
                    "closeBraceToken": {
                        "kind": "CloseBraceToken",
                        "fullStart": 54,
                        "fullEnd": 55,
                        "start": 54,
                        "end": 55,
                        "fullWidth": 1,
                        "width": 1,
                        "text": "}",
                        "value": "}",
                        "valueText": "}"
                    }
                }
            }
        ],
        "endOfFileToken": {
            "kind": "EndOfFileToken",
            "fullStart": 55,
            "fullEnd": 55,
            "start": 55,
            "end": 55,
            "fullWidth": 0,
            "width": 0,
            "text": ""
        }
    },
    "lineMap": {
        "lineStarts": [
            0,
            16,
            34,
            49,
            54
        ],
        "length": 55
    }
}