{
    "isDeclaration": false,
    "languageVersion": "EcmaScript5",
    "diagnostics": [
        {
            "start": 44,
            "length": 13,
            "diagnosticCode": "Jump target cannot cross function boundary."
        }
    ],
    "sourceUnit": {
        "kind": "SourceUnit",
        "fullStart": 0,
        "fullEnd": 67,
        "start": 0,
        "end": 67,
        "fullWidth": 67,
        "width": 67,
        "moduleElements": [
            {
                "kind": "LabeledStatement",
                "fullStart": 0,
                "fullEnd": 67,
                "start": 0,
                "end": 65,
                "fullWidth": 67,
                "width": 65,
                "identifier": {
                    "kind": "IdentifierName",
                    "fullStart": 0,
                    "fullEnd": 3,
                    "start": 0,
                    "end": 3,
                    "fullWidth": 3,
                    "width": 3,
                    "text": "TWO",
                    "value": "TWO",
                    "valueText": "TWO"
                },
                "colonToken": {
                    "kind": "ColonToken",
                    "fullStart": 3,
                    "fullEnd": 6,
                    "start": 3,
                    "end": 4,
                    "fullWidth": 3,
                    "width": 1,
                    "text": ":",
                    "value": ":",
                    "valueText": ":",
                    "hasTrailingTrivia": true,
                    "hasTrailingNewLine": true,
                    "trailingTrivia": [
                        {
                            "kind": "NewLineTrivia",
                            "fullStart": 4,
                            "fullEnd": 6,
                            "text": "\r\n"
                        }
                    ]
                },
                "statement": {
                    "kind": "WhileStatement",
                    "fullStart": 6,
                    "fullEnd": 67,
                    "start": 6,
                    "end": 65,
                    "fullWidth": 61,
                    "width": 59,
                    "whileKeyword": {
                        "kind": "WhileKeyword",
                        "fullStart": 6,
                        "fullEnd": 12,
                        "start": 6,
                        "end": 11,
                        "fullWidth": 6,
                        "width": 5,
                        "text": "while",
                        "value": "while",
                        "valueText": "while",
                        "hasTrailingTrivia": true,
                        "trailingTrivia": [
                            {
                                "kind": "WhitespaceTrivia",
                                "fullStart": 11,
                                "fullEnd": 12,
                                "text": " "
                            }
                        ]
                    },
                    "openParenToken": {
                        "kind": "OpenParenToken",
                        "fullStart": 12,
                        "fullEnd": 13,
                        "start": 12,
                        "end": 13,
                        "fullWidth": 1,
                        "width": 1,
                        "text": "(",
                        "value": "(",
                        "valueText": "("
                    },
                    "condition": {
                        "kind": "TrueKeyword",
                        "fullStart": 13,
                        "fullEnd": 17,
                        "start": 13,
                        "end": 17,
                        "fullWidth": 4,
                        "width": 4,
                        "text": "true",
                        "value": true,
                        "valueText": "true"
                    },
                    "closeParenToken": {
                        "kind": "CloseParenToken",
                        "fullStart": 17,
                        "fullEnd": 18,
                        "start": 17,
                        "end": 18,
                        "fullWidth": 1,
                        "width": 1,
                        "text": ")",
                        "value": ")",
                        "valueText": ")"
                    },
                    "statement": {
                        "kind": "Block",
                        "fullStart": 18,
                        "fullEnd": 67,
                        "start": 18,
                        "end": 65,
                        "fullWidth": 49,
                        "width": 47,
                        "openBraceToken": {
                            "kind": "OpenBraceToken",
                            "fullStart": 18,
                            "fullEnd": 21,
                            "start": 18,
                            "end": 19,
                            "fullWidth": 3,
                            "width": 1,
                            "text": "{",
                            "value": "{",
                            "valueText": "{",
                            "hasTrailingTrivia": true,
                            "hasTrailingNewLine": true,
                            "trailingTrivia": [
                                {
                                    "kind": "NewLineTrivia",
                                    "fullStart": 19,
                                    "fullEnd": 21,
                                    "text": "\r\n"
                                }
                            ]
                        },
                        "statements": [
                            {
                                "kind": "VariableStatement",
                                "fullStart": 21,
                                "fullEnd": 64,
                                "start": 23,
                                "end": 62,
                                "fullWidth": 43,
                                "width": 39,
                                "modifiers": [],
                                "variableDeclaration": {
                                    "kind": "VariableDeclaration",
                                    "fullStart": 21,
                                    "fullEnd": 64,
                                    "start": 23,
                                    "end": 62,
                                    "fullWidth": 43,
                                    "width": 39,
                                    "varKeyword": {
                                        "kind": "VarKeyword",
                                        "fullStart": 21,
                                        "fullEnd": 27,
                                        "start": 23,
                                        "end": 26,
                                        "fullWidth": 6,
                                        "width": 3,
                                        "text": "var",
                                        "value": "var",
                                        "valueText": "var",
                                        "hasLeadingTrivia": true,
                                        "hasTrailingTrivia": true,
                                        "leadingTrivia": [
                                            {
                                                "kind": "WhitespaceTrivia",
                                                "fullStart": 21,
                                                "fullEnd": 23,
                                                "text": "  "
                                            }
                                        ],
                                        "trailingTrivia": [
                                            {
                                                "kind": "WhitespaceTrivia",
                                                "fullStart": 26,
                                                "fullEnd": 27,
                                                "text": " "
                                            }
                                        ]
                                    },
                                    "variableDeclarators": [
                                        {
                                            "kind": "VariableDeclarator",
                                            "fullStart": 27,
                                            "fullEnd": 64,
                                            "start": 27,
                                            "end": 62,
                                            "fullWidth": 37,
                                            "width": 35,
                                            "propertyName": {
                                                "kind": "IdentifierName",
                                                "fullStart": 27,
                                                "fullEnd": 29,
                                                "start": 27,
                                                "end": 28,
                                                "fullWidth": 2,
                                                "width": 1,
                                                "text": "x",
                                                "value": "x",
                                                "valueText": "x",
                                                "hasTrailingTrivia": true,
                                                "trailingTrivia": [
                                                    {
                                                        "kind": "WhitespaceTrivia",
                                                        "fullStart": 28,
                                                        "fullEnd": 29,
                                                        "text": " "
                                                    }
                                                ]
                                            },
                                            "equalsValueClause": {
                                                "kind": "EqualsValueClause",
                                                "fullStart": 29,
                                                "fullEnd": 64,
                                                "start": 29,
                                                "end": 62,
                                                "fullWidth": 35,
                                                "width": 33,
                                                "equalsToken": {
                                                    "kind": "EqualsToken",
                                                    "fullStart": 29,
                                                    "fullEnd": 31,
                                                    "start": 29,
                                                    "end": 30,
                                                    "fullWidth": 2,
                                                    "width": 1,
                                                    "text": "=",
                                                    "value": "=",
                                                    "valueText": "=",
                                                    "hasTrailingTrivia": true,
                                                    "trailingTrivia": [
                                                        {
                                                            "kind": "WhitespaceTrivia",
                                                            "fullStart": 30,
                                                            "fullEnd": 31,
                                                            "text": " "
                                                        }
                                                    ]
                                                },
                                                "value": {
                                                    "kind": "ParenthesizedArrowFunctionExpression",
                                                    "fullStart": 31,
                                                    "fullEnd": 64,
                                                    "start": 31,
                                                    "end": 62,
                                                    "fullWidth": 33,
                                                    "width": 31,
                                                    "callSignature": {
                                                        "kind": "CallSignature",
                                                        "fullStart": 31,
                                                        "fullEnd": 34,
                                                        "start": 31,
                                                        "end": 33,
                                                        "fullWidth": 3,
                                                        "width": 2,
                                                        "parameterList": {
                                                            "kind": "ParameterList",
                                                            "fullStart": 31,
                                                            "fullEnd": 34,
                                                            "start": 31,
                                                            "end": 33,
                                                            "fullWidth": 3,
                                                            "width": 2,
                                                            "openParenToken": {
                                                                "kind": "OpenParenToken",
                                                                "fullStart": 31,
                                                                "fullEnd": 32,
                                                                "start": 31,
                                                                "end": 32,
                                                                "fullWidth": 1,
                                                                "width": 1,
                                                                "text": "(",
                                                                "value": "(",
                                                                "valueText": "("
                                                            },
                                                            "parameters": [],
                                                            "closeParenToken": {
                                                                "kind": "CloseParenToken",
                                                                "fullStart": 32,
                                                                "fullEnd": 34,
                                                                "start": 32,
                                                                "end": 33,
                                                                "fullWidth": 2,
                                                                "width": 1,
                                                                "text": ")",
                                                                "value": ")",
                                                                "valueText": ")",
                                                                "hasTrailingTrivia": true,
                                                                "trailingTrivia": [
                                                                    {
                                                                        "kind": "WhitespaceTrivia",
                                                                        "fullStart": 33,
                                                                        "fullEnd": 34,
                                                                        "text": " "
                                                                    }
                                                                ]
                                                            }
                                                        }
                                                    },
                                                    "equalsGreaterThanToken": {
                                                        "kind": "EqualsGreaterThanToken",
                                                        "fullStart": 34,
                                                        "fullEnd": 37,
                                                        "start": 34,
                                                        "end": 36,
                                                        "fullWidth": 3,
                                                        "width": 2,
                                                        "text": "=>",
                                                        "value": "=>",
                                                        "valueText": "=>",
                                                        "hasTrailingTrivia": true,
                                                        "trailingTrivia": [
                                                            {
                                                                "kind": "WhitespaceTrivia",
                                                                "fullStart": 36,
                                                                "fullEnd": 37,
                                                                "text": " "
                                                            }
                                                        ]
                                                    },
                                                    "block": {
                                                        "kind": "Block",
                                                        "fullStart": 37,
                                                        "fullEnd": 64,
                                                        "start": 37,
                                                        "end": 62,
                                                        "fullWidth": 27,
                                                        "width": 25,
                                                        "openBraceToken": {
                                                            "kind": "OpenBraceToken",
                                                            "fullStart": 37,
                                                            "fullEnd": 40,
                                                            "start": 37,
                                                            "end": 38,
                                                            "fullWidth": 3,
                                                            "width": 1,
                                                            "text": "{",
                                                            "value": "{",
                                                            "valueText": "{",
                                                            "hasTrailingTrivia": true,
                                                            "hasTrailingNewLine": true,
                                                            "trailingTrivia": [
                                                                {
                                                                    "kind": "NewLineTrivia",
                                                                    "fullStart": 38,
                                                                    "fullEnd": 40,
                                                                    "text": "\r\n"
                                                                }
                                                            ]
                                                        },
                                                        "statements": [
                                                            {
                                                                "kind": "ContinueStatement",
                                                                "fullStart": 40,
                                                                "fullEnd": 59,
                                                                "start": 44,
                                                                "end": 57,
                                                                "fullWidth": 19,
                                                                "width": 13,
                                                                "continueKeyword": {
                                                                    "kind": "ContinueKeyword",
                                                                    "fullStart": 40,
                                                                    "fullEnd": 53,
                                                                    "start": 44,
                                                                    "end": 52,
                                                                    "fullWidth": 13,
                                                                    "width": 8,
                                                                    "text": "continue",
                                                                    "value": "continue",
                                                                    "valueText": "continue",
                                                                    "hasLeadingTrivia": true,
                                                                    "hasTrailingTrivia": true,
                                                                    "leadingTrivia": [
                                                                        {
                                                                            "kind": "WhitespaceTrivia",
                                                                            "fullStart": 40,
                                                                            "fullEnd": 44,
                                                                            "text": "    "
                                                                        }
                                                                    ],
                                                                    "trailingTrivia": [
                                                                        {
                                                                            "kind": "WhitespaceTrivia",
                                                                            "fullStart": 52,
                                                                            "fullEnd": 53,
                                                                            "text": " "
                                                                        }
                                                                    ]
                                                                },
                                                                "identifier": {
                                                                    "kind": "IdentifierName",
                                                                    "fullStart": 53,
                                                                    "fullEnd": 56,
                                                                    "start": 53,
                                                                    "end": 56,
                                                                    "fullWidth": 3,
                                                                    "width": 3,
                                                                    "text": "TWO",
                                                                    "value": "TWO",
                                                                    "valueText": "TWO"
                                                                },
                                                                "semicolonToken": {
                                                                    "kind": "SemicolonToken",
                                                                    "fullStart": 56,
                                                                    "fullEnd": 59,
                                                                    "start": 56,
                                                                    "end": 57,
                                                                    "fullWidth": 3,
                                                                    "width": 1,
                                                                    "text": ";",
                                                                    "value": ";",
                                                                    "valueText": ";",
                                                                    "hasTrailingTrivia": true,
                                                                    "hasTrailingNewLine": true,
                                                                    "trailingTrivia": [
                                                                        {
                                                                            "kind": "NewLineTrivia",
                                                                            "fullStart": 57,
                                                                            "fullEnd": 59,
                                                                            "text": "\r\n"
                                                                        }
                                                                    ]
                                                                }
                                                            }
                                                        ],
                                                        "closeBraceToken": {
                                                            "kind": "CloseBraceToken",
                                                            "fullStart": 59,
                                                            "fullEnd": 64,
                                                            "start": 61,
                                                            "end": 62,
                                                            "fullWidth": 5,
                                                            "width": 1,
                                                            "text": "}",
                                                            "value": "}",
                                                            "valueText": "}",
                                                            "hasLeadingTrivia": true,
                                                            "hasTrailingTrivia": true,
                                                            "hasTrailingNewLine": true,
                                                            "leadingTrivia": [
                                                                {
                                                                    "kind": "WhitespaceTrivia",
                                                                    "fullStart": 59,
                                                                    "fullEnd": 61,
                                                                    "text": "  "
                                                                }
                                                            ],
                                                            "trailingTrivia": [
                                                                {
                                                                    "kind": "NewLineTrivia",
                                                                    "fullStart": 62,
                                                                    "fullEnd": 64,
                                                                    "text": "\r\n"
                                                                }
                                                            ]
                                                        }
                                                    }
                                                }
                                            }
                                        }
                                    ]
                                }
                            }
                        ],
                        "closeBraceToken": {
                            "kind": "CloseBraceToken",
                            "fullStart": 64,
                            "fullEnd": 67,
                            "start": 64,
                            "end": 65,
                            "fullWidth": 3,
                            "width": 1,
                            "text": "}",
                            "value": "}",
                            "valueText": "}",
                            "hasTrailingTrivia": true,
                            "hasTrailingNewLine": true,
                            "trailingTrivia": [
                                {
                                    "kind": "NewLineTrivia",
                                    "fullStart": 65,
                                    "fullEnd": 67,
                                    "text": "\r\n"
                                }
                            ]
                        }
                    }
                }
            }
        ],
        "endOfFileToken": {
            "kind": "EndOfFileToken",
            "fullStart": 67,
            "fullEnd": 67,
            "start": 67,
            "end": 67,
            "fullWidth": 0,
            "width": 0,
            "text": ""
        }
    },
    "lineMap": {
        "lineStarts": [
            0,
            6,
            21,
            40,
            59,
            64,
            67
        ],
        "length": 67
    }
}