{
    "isDeclaration": false,
    "languageVersion": "EcmaScript5",
    "sourceUnit": {
        "kind": "SourceUnit",
        "fullStart": 0,
        "fullEnd": 42,
        "start": 0,
        "end": 42,
        "fullWidth": 42,
        "width": 42,
        "moduleElements": [
            {
                "kind": "ForInStatement",
                "fullStart": 0,
                "fullEnd": 42,
                "start": 0,
                "end": 42,
                "fullWidth": 42,
                "width": 42,
                "forKeyword": {
                    "kind": "ForKeyword",
                    "fullStart": 0,
                    "fullEnd": 4,
                    "start": 0,
                    "end": 3,
                    "fullWidth": 4,
                    "width": 3,
                    "text": "for",
                    "value": "for",
                    "valueText": "for",
                    "hasTrailingTrivia": true,
                    "trailingTrivia": [
                        {
                            "kind": "WhitespaceTrivia",
                            "fullStart": 3,
                            "fullEnd": 4,
                            "text": " "
                        }
                    ]
                },
                "openParenToken": {
                    "kind": "OpenParenToken",
                    "fullStart": 4,
                    "fullEnd": 5,
                    "start": 4,
                    "end": 5,
                    "fullWidth": 1,
                    "width": 1,
                    "text": "(",
                    "value": "(",
                    "valueText": "("
                },
                "variableDeclaration": {
                    "kind": "VariableDeclaration",
                    "fullStart": 5,
                    "fullEnd": 11,
                    "start": 5,
                    "end": 10,
                    "fullWidth": 6,
                    "width": 5,
                    "varKeyword": {
                        "kind": "VarKeyword",
                        "fullStart": 5,
                        "fullEnd": 9,
                        "start": 5,
                        "end": 8,
                        "fullWidth": 4,
                        "width": 3,
                        "text": "var",
                        "value": "var",
                        "valueText": "var",
                        "hasTrailingTrivia": true,
                        "trailingTrivia": [
                            {
                                "kind": "WhitespaceTrivia",
                                "fullStart": 8,
                                "fullEnd": 9,
                                "text": " "
                            }
                        ]
                    },
                    "variableDeclarators": [
                        {
                            "kind": "VariableDeclarator",
                            "fullStart": 9,
                            "fullEnd": 11,
                            "start": 9,
                            "end": 10,
                            "fullWidth": 2,
                            "width": 1,
                            "propertyName": {
                                "kind": "IdentifierName",
                                "fullStart": 9,
                                "fullEnd": 11,
                                "start": 9,
                                "end": 10,
                                "fullWidth": 2,
                                "width": 1,
                                "text": "i",
                                "value": "i",
                                "valueText": "i",
                                "hasTrailingTrivia": true,
                                "trailingTrivia": [
                                    {
                                        "kind": "WhitespaceTrivia",
                                        "fullStart": 10,
                                        "fullEnd": 11,
                                        "text": " "
                                    }
                                ]
                            }
                        }
                    ]
                },
                "inKeyword": {
                    "kind": "InKeyword",
                    "fullStart": 11,
                    "fullEnd": 14,
                    "start": 11,
                    "end": 13,
                    "fullWidth": 3,
                    "width": 2,
                    "text": "in",
                    "value": "in",
                    "valueText": "in",
                    "hasTrailingTrivia": true,
                    "trailingTrivia": [
                        {
                            "kind": "WhitespaceTrivia",
                            "fullStart": 13,
                            "fullEnd": 14,
                            "text": " "
                        }
                    ]
                },
                "expression": {
                    "kind": "IdentifierName",
                    "fullStart": 14,
                    "fullEnd": 23,
                    "start": 14,
                    "end": 23,
                    "fullWidth": 9,
                    "width": 9,
                    "text": "something",
                    "value": "something",
                    "valueText": "something"
                },
                "closeParenToken": {
                    "kind": "CloseParenToken",
                    "fullStart": 23,
                    "fullEnd": 25,
                    "start": 23,
                    "end": 24,
                    "fullWidth": 2,
                    "width": 1,
                    "text": ")",
                    "value": ")",
                    "valueText": ")",
                    "hasTrailingTrivia": true,
                    "trailingTrivia": [
                        {
                            "kind": "WhitespaceTrivia",
                            "fullStart": 24,
                            "fullEnd": 25,
                            "text": " "
                        }
                    ]
                },
                "statement": {
                    "kind": "Block",
                    "fullStart": 25,
                    "fullEnd": 42,
                    "start": 25,
                    "end": 42,
                    "fullWidth": 17,
                    "width": 17,
                    "openBraceToken": {
                        "kind": "OpenBraceToken",
                        "fullStart": 25,
                        "fullEnd": 28,
                        "start": 25,
                        "end": 26,
                        "fullWidth": 3,
                        "width": 1,
                        "text": "{",
                        "value": "{",
                        "valueText": "{",
                        "hasTrailingTrivia": true,
                        "hasTrailingNewLine": true,
                        "trailingTrivia": [
                            {
                                "kind": "NewLineTrivia",
                                "fullStart": 26,
                                "fullEnd": 28,
                                "text": "\r\n"
                            }
                        ]
                    },
                    "statements": [
                        {
                            "kind": "ContinueStatement",
                            "fullStart": 28,
                            "fullEnd": 41,
                            "start": 30,
                            "end": 39,
                            "fullWidth": 13,
                            "width": 9,
                            "continueKeyword": {
                                "kind": "ContinueKeyword",
                                "fullStart": 28,
                                "fullEnd": 38,
                                "start": 30,
                                "end": 38,
                                "fullWidth": 10,
                                "width": 8,
                                "text": "continue",
                                "value": "continue",
                                "valueText": "continue",
                                "hasLeadingTrivia": true,
                                "leadingTrivia": [
                                    {
                                        "kind": "WhitespaceTrivia",
                                        "fullStart": 28,
                                        "fullEnd": 30,
                                        "text": "  "
                                    }
                                ]
                            },
                            "semicolonToken": {
                                "kind": "SemicolonToken",
                                "fullStart": 38,
                                "fullEnd": 41,
                                "start": 38,
                                "end": 39,
                                "fullWidth": 3,
                                "width": 1,
                                "text": ";",
                                "value": ";",
                                "valueText": ";",
                                "hasTrailingTrivia": true,
                                "hasTrailingNewLine": true,
                                "trailingTrivia": [
                                    {
                                        "kind": "NewLineTrivia",
                                        "fullStart": 39,
                                        "fullEnd": 41,
                                        "text": "\r\n"
                                    }
                                ]
                            }
                        }
                    ],
                    "closeBraceToken": {
                        "kind": "CloseBraceToken",
                        "fullStart": 41,
                        "fullEnd": 42,
                        "start": 41,
                        "end": 42,
                        "fullWidth": 1,
                        "width": 1,
                        "text": "}",
                        "value": "}",
                        "valueText": "}"
                    }
                }
            }
        ],
        "endOfFileToken": {
            "kind": "EndOfFileToken",
            "fullStart": 42,
            "fullEnd": 42,
            "start": 42,
            "end": 42,
            "fullWidth": 0,
            "width": 0,
            "text": ""
        }
    },
    "lineMap": {
        "lineStarts": [
            0,
            28,
            41
        ],
        "length": 42
    }
}