{
    "isDeclaration": false,
    "languageVersion": "EcmaScript5",
    "diagnostics": [
        {
            "start": 69,
            "length": 16,
            "diagnosticCode": "Jump target cannot cross function boundary."
        }
    ],
    "sourceUnit": {
        "kind": "SourceUnit",
        "fullStart": 0,
        "fullEnd": 100,
        "start": 0,
        "end": 100,
        "fullWidth": 100,
        "width": 100,
        "moduleElements": [
            {
                "kind": "LabeledStatement",
                "fullStart": 0,
                "fullEnd": 100,
                "start": 0,
                "end": 100,
                "fullWidth": 100,
                "width": 100,
                "identifier": {
                    "kind": "IdentifierName",
                    "fullStart": 0,
                    "fullEnd": 6,
                    "start": 0,
                    "end": 6,
                    "fullWidth": 6,
                    "width": 6,
                    "text": "target",
                    "value": "target",
                    "valueText": "target"
                },
                "colonToken": {
                    "kind": "ColonToken",
                    "fullStart": 6,
                    "fullEnd": 9,
                    "start": 6,
                    "end": 7,
                    "fullWidth": 3,
                    "width": 1,
                    "text": ":",
                    "value": ":",
                    "valueText": ":",
                    "hasTrailingTrivia": true,
                    "hasTrailingNewLine": true,
                    "trailingTrivia": [
                        {
                            "kind": "NewLineTrivia",
                            "fullStart": 7,
                            "fullEnd": 9,
                            "text": "\r\n"
                        }
                    ]
                },
                "statement": {
                    "kind": "WhileStatement",
                    "fullStart": 9,
                    "fullEnd": 100,
                    "start": 9,
                    "end": 100,
                    "fullWidth": 91,
                    "width": 91,
                    "whileKeyword": {
                        "kind": "WhileKeyword",
                        "fullStart": 9,
                        "fullEnd": 15,
                        "start": 9,
                        "end": 14,
                        "fullWidth": 6,
                        "width": 5,
                        "text": "while",
                        "value": "while",
                        "valueText": "while",
                        "hasTrailingTrivia": true,
                        "trailingTrivia": [
                            {
                                "kind": "WhitespaceTrivia",
                                "fullStart": 14,
                                "fullEnd": 15,
                                "text": " "
                            }
                        ]
                    },
                    "openParenToken": {
                        "kind": "OpenParenToken",
                        "fullStart": 15,
                        "fullEnd": 16,
                        "start": 15,
                        "end": 16,
                        "fullWidth": 1,
                        "width": 1,
                        "text": "(",
                        "value": "(",
                        "valueText": "("
                    },
                    "condition": {
                        "kind": "TrueKeyword",
                        "fullStart": 16,
                        "fullEnd": 20,
                        "start": 16,
                        "end": 20,
                        "fullWidth": 4,
                        "width": 4,
                        "text": "true",
                        "value": true,
                        "valueText": "true"
                    },
                    "closeParenToken": {
                        "kind": "CloseParenToken",
                        "fullStart": 20,
                        "fullEnd": 22,
                        "start": 20,
                        "end": 21,
                        "fullWidth": 2,
                        "width": 1,
                        "text": ")",
                        "value": ")",
                        "valueText": ")",
                        "hasTrailingTrivia": true,
                        "trailingTrivia": [
                            {
                                "kind": "WhitespaceTrivia",
                                "fullStart": 21,
                                "fullEnd": 22,
                                "text": " "
                            }
                        ]
                    },
                    "statement": {
                        "kind": "Block",
                        "fullStart": 22,
                        "fullEnd": 100,
                        "start": 22,
                        "end": 100,
                        "fullWidth": 78,
                        "width": 78,
                        "openBraceToken": {
                            "kind": "OpenBraceToken",
                            "fullStart": 22,
                            "fullEnd": 25,
                            "start": 22,
                            "end": 23,
                            "fullWidth": 3,
                            "width": 1,
                            "text": "{",
                            "value": "{",
                            "valueText": "{",
                            "hasTrailingTrivia": true,
                            "hasTrailingNewLine": true,
                            "trailingTrivia": [
                                {
                                    "kind": "NewLineTrivia",
                                    "fullStart": 23,
                                    "fullEnd": 25,
                                    "text": "\r\n"
                                }
                            ]
                        },
                        "statements": [
                            {
                                "kind": "FunctionDeclaration",
                                "fullStart": 25,
                                "fullEnd": 99,
                                "start": 27,
                                "end": 97,
                                "fullWidth": 74,
                                "width": 70,
                                "modifiers": [],
                                "functionKeyword": {
                                    "kind": "FunctionKeyword",
                                    "fullStart": 25,
                                    "fullEnd": 36,
                                    "start": 27,
                                    "end": 35,
                                    "fullWidth": 11,
                                    "width": 8,
                                    "text": "function",
                                    "value": "function",
                                    "valueText": "function",
                                    "hasLeadingTrivia": true,
                                    "hasTrailingTrivia": true,
                                    "leadingTrivia": [
                                        {
                                            "kind": "WhitespaceTrivia",
                                            "fullStart": 25,
                                            "fullEnd": 27,
                                            "text": "  "
                                        }
                                    ],
                                    "trailingTrivia": [
                                        {
                                            "kind": "WhitespaceTrivia",
                                            "fullStart": 35,
                                            "fullEnd": 36,
                                            "text": " "
                                        }
                                    ]
                                },
                                "identifier": {
                                    "kind": "IdentifierName",
                                    "fullStart": 36,
                                    "fullEnd": 37,
                                    "start": 36,
                                    "end": 37,
                                    "fullWidth": 1,
                                    "width": 1,
                                    "text": "f",
                                    "value": "f",
                                    "valueText": "f"
                                },
                                "callSignature": {
                                    "kind": "CallSignature",
                                    "fullStart": 37,
                                    "fullEnd": 40,
                                    "start": 37,
                                    "end": 39,
                                    "fullWidth": 3,
                                    "width": 2,
                                    "parameterList": {
                                        "kind": "ParameterList",
                                        "fullStart": 37,
                                        "fullEnd": 40,
                                        "start": 37,
                                        "end": 39,
                                        "fullWidth": 3,
                                        "width": 2,
                                        "openParenToken": {
                                            "kind": "OpenParenToken",
                                            "fullStart": 37,
                                            "fullEnd": 38,
                                            "start": 37,
                                            "end": 38,
                                            "fullWidth": 1,
                                            "width": 1,
                                            "text": "(",
                                            "value": "(",
                                            "valueText": "("
                                        },
                                        "parameters": [],
                                        "closeParenToken": {
                                            "kind": "CloseParenToken",
                                            "fullStart": 38,
                                            "fullEnd": 40,
                                            "start": 38,
                                            "end": 39,
                                            "fullWidth": 2,
                                            "width": 1,
                                            "text": ")",
                                            "value": ")",
                                            "valueText": ")",
                                            "hasTrailingTrivia": true,
                                            "trailingTrivia": [
                                                {
                                                    "kind": "WhitespaceTrivia",
                                                    "fullStart": 39,
                                                    "fullEnd": 40,
                                                    "text": " "
                                                }
                                            ]
                                        }
                                    }
                                },
                                "block": {
                                    "kind": "Block",
                                    "fullStart": 40,
                                    "fullEnd": 99,
                                    "start": 40,
                                    "end": 97,
                                    "fullWidth": 59,
                                    "width": 57,
                                    "openBraceToken": {
                                        "kind": "OpenBraceToken",
                                        "fullStart": 40,
                                        "fullEnd": 43,
                                        "start": 40,
                                        "end": 41,
                                        "fullWidth": 3,
                                        "width": 1,
                                        "text": "{",
                                        "value": "{",
                                        "valueText": "{",
                                        "hasTrailingTrivia": true,
                                        "hasTrailingNewLine": true,
                                        "trailingTrivia": [
                                            {
                                                "kind": "NewLineTrivia",
                                                "fullStart": 41,
                                                "fullEnd": 43,
                                                "text": "\r\n"
                                            }
                                        ]
                                    },
                                    "statements": [
                                        {
                                            "kind": "WhileStatement",
                                            "fullStart": 43,
                                            "fullEnd": 94,
                                            "start": 47,
                                            "end": 92,
                                            "fullWidth": 51,
                                            "width": 45,
                                            "whileKeyword": {
                                                "kind": "WhileKeyword",
                                                "fullStart": 43,
                                                "fullEnd": 53,
                                                "start": 47,
                                                "end": 52,
                                                "fullWidth": 10,
                                                "width": 5,
                                                "text": "while",
                                                "value": "while",
                                                "valueText": "while",
                                                "hasLeadingTrivia": true,
                                                "hasTrailingTrivia": true,
                                                "leadingTrivia": [
                                                    {
                                                        "kind": "WhitespaceTrivia",
                                                        "fullStart": 43,
                                                        "fullEnd": 47,
                                                        "text": "    "
                                                    }
                                                ],
                                                "trailingTrivia": [
                                                    {
                                                        "kind": "WhitespaceTrivia",
                                                        "fullStart": 52,
                                                        "fullEnd": 53,
                                                        "text": " "
                                                    }
                                                ]
                                            },
                                            "openParenToken": {
                                                "kind": "OpenParenToken",
                                                "fullStart": 53,
                                                "fullEnd": 54,
                                                "start": 53,
                                                "end": 54,
                                                "fullWidth": 1,
                                                "width": 1,
                                                "text": "(",
                                                "value": "(",
                                                "valueText": "("
                                            },
                                            "condition": {
                                                "kind": "TrueKeyword",
                                                "fullStart": 54,
                                                "fullEnd": 58,
                                                "start": 54,
                                                "end": 58,
                                                "fullWidth": 4,
                                                "width": 4,
                                                "text": "true",
                                                "value": true,
                                                "valueText": "true"
                                            },
                                            "closeParenToken": {
                                                "kind": "CloseParenToken",
                                                "fullStart": 58,
                                                "fullEnd": 60,
                                                "start": 58,
                                                "end": 59,
                                                "fullWidth": 2,
                                                "width": 1,
                                                "text": ")",
                                                "value": ")",
                                                "valueText": ")",
                                                "hasTrailingTrivia": true,
                                                "trailingTrivia": [
                                                    {
                                                        "kind": "WhitespaceTrivia",
                                                        "fullStart": 59,
                                                        "fullEnd": 60,
                                                        "text": " "
                                                    }
                                                ]
                                            },
                                            "statement": {
                                                "kind": "Block",
                                                "fullStart": 60,
                                                "fullEnd": 94,
                                                "start": 60,
                                                "end": 92,
                                                "fullWidth": 34,
                                                "width": 32,
                                                "openBraceToken": {
                                                    "kind": "OpenBraceToken",
                                                    "fullStart": 60,
                                                    "fullEnd": 63,
                                                    "start": 60,
                                                    "end": 61,
                                                    "fullWidth": 3,
                                                    "width": 1,
                                                    "text": "{",
                                                    "value": "{",
                                                    "valueText": "{",
                                                    "hasTrailingTrivia": true,
                                                    "hasTrailingNewLine": true,
                                                    "trailingTrivia": [
                                                        {
                                                            "kind": "NewLineTrivia",
                                                            "fullStart": 61,
                                                            "fullEnd": 63,
                                                            "text": "\r\n"
                                                        }
                                                    ]
                                                },
                                                "statements": [
                                                    {
                                                        "kind": "ContinueStatement",
                                                        "fullStart": 63,
                                                        "fullEnd": 87,
                                                        "start": 69,
                                                        "end": 85,
                                                        "fullWidth": 24,
                                                        "width": 16,
                                                        "continueKeyword": {
                                                            "kind": "ContinueKeyword",
                                                            "fullStart": 63,
                                                            "fullEnd": 78,
                                                            "start": 69,
                                                            "end": 77,
                                                            "fullWidth": 15,
                                                            "width": 8,
                                                            "text": "continue",
                                                            "value": "continue",
                                                            "valueText": "continue",
                                                            "hasLeadingTrivia": true,
                                                            "hasTrailingTrivia": true,
                                                            "leadingTrivia": [
                                                                {
                                                                    "kind": "WhitespaceTrivia",
                                                                    "fullStart": 63,
                                                                    "fullEnd": 69,
                                                                    "text": "      "
                                                                }
                                                            ],
                                                            "trailingTrivia": [
                                                                {
                                                                    "kind": "WhitespaceTrivia",
                                                                    "fullStart": 77,
                                                                    "fullEnd": 78,
                                                                    "text": " "
                                                                }
                                                            ]
                                                        },
                                                        "identifier": {
                                                            "kind": "IdentifierName",
                                                            "fullStart": 78,
                                                            "fullEnd": 84,
                                                            "start": 78,
                                                            "end": 84,
                                                            "fullWidth": 6,
                                                            "width": 6,
                                                            "text": "target",
                                                            "value": "target",
                                                            "valueText": "target"
                                                        },
                                                        "semicolonToken": {
                                                            "kind": "SemicolonToken",
                                                            "fullStart": 84,
                                                            "fullEnd": 87,
                                                            "start": 84,
                                                            "end": 85,
                                                            "fullWidth": 3,
                                                            "width": 1,
                                                            "text": ";",
                                                            "value": ";",
                                                            "valueText": ";",
                                                            "hasTrailingTrivia": true,
                                                            "hasTrailingNewLine": true,
                                                            "trailingTrivia": [
                                                                {
                                                                    "kind": "NewLineTrivia",
                                                                    "fullStart": 85,
                                                                    "fullEnd": 87,
                                                                    "text": "\r\n"
                                                                }
                                                            ]
                                                        }
                                                    }
                                                ],
                                                "closeBraceToken": {
                                                    "kind": "CloseBraceToken",
                                                    "fullStart": 87,
                                                    "fullEnd": 94,
                                                    "start": 91,
                                                    "end": 92,
                                                    "fullWidth": 7,
                                                    "width": 1,
                                                    "text": "}",
                                                    "value": "}",
                                                    "valueText": "}",
                                                    "hasLeadingTrivia": true,
                                                    "hasTrailingTrivia": true,
                                                    "hasTrailingNewLine": true,
                                                    "leadingTrivia": [
                                                        {
                                                            "kind": "WhitespaceTrivia",
                                                            "fullStart": 87,
                                                            "fullEnd": 91,
                                                            "text": "    "
                                                        }
                                                    ],
                                                    "trailingTrivia": [
                                                        {
                                                            "kind": "NewLineTrivia",
                                                            "fullStart": 92,
                                                            "fullEnd": 94,
                                                            "text": "\r\n"
                                                        }
                                                    ]
                                                }
                                            }
                                        }
                                    ],
                                    "closeBraceToken": {
                                        "kind": "CloseBraceToken",
                                        "fullStart": 94,
                                        "fullEnd": 99,
                                        "start": 96,
                                        "end": 97,
                                        "fullWidth": 5,
                                        "width": 1,
                                        "text": "}",
                                        "value": "}",
                                        "valueText": "}",
                                        "hasLeadingTrivia": true,
                                        "hasTrailingTrivia": true,
                                        "hasTrailingNewLine": true,
                                        "leadingTrivia": [
                                            {
                                                "kind": "WhitespaceTrivia",
                                                "fullStart": 94,
                                                "fullEnd": 96,
                                                "text": "  "
                                            }
                                        ],
                                        "trailingTrivia": [
                                            {
                                                "kind": "NewLineTrivia",
                                                "fullStart": 97,
                                                "fullEnd": 99,
                                                "text": "\r\n"
                                            }
                                        ]
                                    }
                                }
                            }
                        ],
                        "closeBraceToken": {
                            "kind": "CloseBraceToken",
                            "fullStart": 99,
                            "fullEnd": 100,
                            "start": 99,
                            "end": 100,
                            "fullWidth": 1,
                            "width": 1,
                            "text": "}",
                            "value": "}",
                            "valueText": "}"
                        }
                    }
                }
            }
        ],
        "endOfFileToken": {
            "kind": "EndOfFileToken",
            "fullStart": 100,
            "fullEnd": 100,
            "start": 100,
            "end": 100,
            "fullWidth": 0,
            "width": 0,
            "text": ""
        }
    },
    "lineMap": {
        "lineStarts": [
            0,
            9,
            25,
            43,
            63,
            87,
            94,
            99
        ],
        "length": 100
    }
}