{
    "isDeclaration": false,
    "languageVersion": "EcmaScript5",
    "sourceUnit": {
        "kind": "SourceUnit",
        "fullStart": 0,
        "fullEnd": 26,
        "start": 0,
        "end": 26,
        "fullWidth": 26,
        "width": 26,
        "moduleElements": [
            {
                "kind": "ForStatement",
                "fullStart": 0,
                "fullEnd": 26,
                "start": 0,
                "end": 26,
                "fullWidth": 26,
                "width": 26,
                "forKeyword": {
                    "kind": "ForKeyword",
                    "fullStart": 0,
                    "fullEnd": 4,
                    "start": 0,
                    "end": 3,
                    "fullWidth": 4,
                    "width": 3,
                    "text": "for",
                    "value": "for",
                    "valueText": "for",
                    "hasTrailingTrivia": true,
                    "trailingTrivia": [
                        {
                            "kind": "WhitespaceTrivia",
                            "fullStart": 3,
                            "fullEnd": 4,
                            "text": " "
                        }
                    ]
                },
                "openParenToken": {
                    "kind": "OpenParenToken",
                    "fullStart": 4,
                    "fullEnd": 5,
                    "start": 4,
                    "end": 5,
                    "fullWidth": 1,
                    "width": 1,
                    "text": "(",
                    "value": "(",
                    "valueText": "("
                },
                "firstSemicolonToken": {
                    "kind": "SemicolonToken",
                    "fullStart": 5,
                    "fullEnd": 6,
                    "start": 5,
                    "end": 6,
                    "fullWidth": 1,
                    "width": 1,
                    "text": ";",
                    "value": ";",
                    "valueText": ";"
                },
                "secondSemicolonToken": {
                    "kind": "SemicolonToken",
                    "fullStart": 6,
                    "fullEnd": 7,
                    "start": 6,
                    "end": 7,
                    "fullWidth": 1,
                    "width": 1,
                    "text": ";",
                    "value": ";",
                    "valueText": ";"
                },
                "closeParenToken": {
                    "kind": "CloseParenToken",
                    "fullStart": 7,
                    "fullEnd": 9,
                    "start": 7,
                    "end": 8,
                    "fullWidth": 2,
                    "width": 1,
                    "text": ")",
                    "value": ")",
                    "valueText": ")",
                    "hasTrailingTrivia": true,
                    "trailingTrivia": [
                        {
                            "kind": "WhitespaceTrivia",
                            "fullStart": 8,
                            "fullEnd": 9,
                            "text": " "
                        }
                    ]
                },
                "statement": {
                    "kind": "Block",
                    "fullStart": 9,
                    "fullEnd": 26,
                    "start": 9,
                    "end": 26,
                    "fullWidth": 17,
                    "width": 17,
                    "openBraceToken": {
                        "kind": "OpenBraceToken",
                        "fullStart": 9,
                        "fullEnd": 12,
                        "start": 9,
                        "end": 10,
                        "fullWidth": 3,
                        "width": 1,
                        "text": "{",
                        "value": "{",
                        "valueText": "{",
                        "hasTrailingTrivia": true,
                        "hasTrailingNewLine": true,
                        "trailingTrivia": [
                            {
                                "kind": "NewLineTrivia",
                                "fullStart": 10,
                                "fullEnd": 12,
                                "text": "\r\n"
                            }
                        ]
                    },
                    "statements": [
                        {
                            "kind": "ContinueStatement",
                            "fullStart": 12,
                            "fullEnd": 25,
                            "start": 14,
                            "end": 23,
                            "fullWidth": 13,
                            "width": 9,
                            "continueKeyword": {
                                "kind": "ContinueKeyword",
                                "fullStart": 12,
                                "fullEnd": 22,
                                "start": 14,
                                "end": 22,
                                "fullWidth": 10,
                                "width": 8,
                                "text": "continue",
                                "value": "continue",
                                "valueText": "continue",
                                "hasLeadingTrivia": true,
                                "leadingTrivia": [
                                    {
                                        "kind": "WhitespaceTrivia",
                                        "fullStart": 12,
                                        "fullEnd": 14,
                                        "text": "  "
                                    }
                                ]
                            },
                            "semicolonToken": {
                                "kind": "SemicolonToken",
                                "fullStart": 22,
                                "fullEnd": 25,
                                "start": 22,
                                "end": 23,
                                "fullWidth": 3,
                                "width": 1,
                                "text": ";",
                                "value": ";",
                                "valueText": ";",
                                "hasTrailingTrivia": true,
                                "hasTrailingNewLine": true,
                                "trailingTrivia": [
                                    {
                                        "kind": "NewLineTrivia",
                                        "fullStart": 23,
                                        "fullEnd": 25,
                                        "text": "\r\n"
                                    }
                                ]
                            }
                        }
                    ],
                    "closeBraceToken": {
                        "kind": "CloseBraceToken",
                        "fullStart": 25,
                        "fullEnd": 26,
                        "start": 25,
                        "end": 26,
                        "fullWidth": 1,
                        "width": 1,
                        "text": "}",
                        "value": "}",
                        "valueText": "}"
                    }
                }
            }
        ],
        "endOfFileToken": {
            "kind": "EndOfFileToken",
            "fullStart": 26,
            "fullEnd": 26,
            "start": 26,
            "end": 26,
            "fullWidth": 0,
            "width": 0,
            "text": ""
        }
    },
    "lineMap": {
        "lineStarts": [
            0,
            12,
            25
        ],
        "length": 26
    }
}