{
    "isDeclaration": false,
    "languageVersion": "EcmaScript5",
    "sourceUnit": {
        "kind": "SourceUnit",
        "fullStart": 0,
        "fullEnd": 14,
        "start": 0,
        "end": 14,
        "fullWidth": 14,
        "width": 14,
        "moduleElements": [
            {
                "kind": "ExpressionStatement",
                "fullStart": 0,
                "fullEnd": 14,
                "start": 0,
                "end": 14,
                "fullWidth": 14,
                "width": 14,
                "expression": {
                    "kind": "AssignmentExpression",
                    "fullStart": 0,
                    "fullEnd": 13,
                    "start": 0,
                    "end": 13,
                    "fullWidth": 13,
                    "width": 13,
                    "left": {
                        "kind": "ParenthesizedExpression",
                        "fullStart": 0,
                        "fullEnd": 8,
                        "start": 0,
                        "end": 7,
                        "fullWidth": 8,
                        "width": 7,
                        "openParenToken": {
                            "kind": "OpenParenToken",
                            "fullStart": 0,
                            "fullEnd": 1,
                            "start": 0,
                            "end": 1,
                            "fullWidth": 1,
                            "width": 1,
                            "text": "(",
                            "value": "(",
                            "valueText": "("
                        },
                        "expression": {
                            "kind": "InvocationExpression",
                            "fullStart": 1,
                            "fullEnd": 6,
                            "start": 1,
                            "end": 6,
                            "fullWidth": 5,
                            "width": 5,
                            "expression": {
                                "kind": "IdentifierName",
                                "fullStart": 1,
                                "fullEnd": 4,
                                "start": 1,
                                "end": 4,
                                "fullWidth": 3,
                                "width": 3,
                                "text": "foo",
                                "value": "foo",
                                "valueText": "foo"
                            },
                            "argumentList": {
                                "kind": "ArgumentList",
                                "fullStart": 4,
                                "fullEnd": 6,
                                "start": 4,
                                "end": 6,
                                "fullWidth": 2,
                                "width": 2,
                                "openParenToken": {
                                    "kind": "OpenParenToken",
                                    "fullStart": 4,
                                    "fullEnd": 5,
                                    "start": 4,
                                    "end": 5,
                                    "fullWidth": 1,
                                    "width": 1,
                                    "text": "(",
                                    "value": "(",
                                    "valueText": "("
                                },
                                "arguments": [],
                                "closeParenToken": {
                                    "kind": "CloseParenToken",
                                    "fullStart": 5,
                                    "fullEnd": 6,
                                    "start": 5,
                                    "end": 6,
                                    "fullWidth": 1,
                                    "width": 1,
                                    "text": ")",
                                    "value": ")",
                                    "valueText": ")"
                                }
                            }
                        },
                        "closeParenToken": {
                            "kind": "CloseParenToken",
                            "fullStart": 6,
                            "fullEnd": 8,
                            "start": 6,
                            "end": 7,
                            "fullWidth": 2,
                            "width": 1,
                            "text": ")",
                            "value": ")",
                            "valueText": ")",
                            "hasTrailingTrivia": true,
                            "trailingTrivia": [
                                {
                                    "kind": "WhitespaceTrivia",
                                    "fullStart": 7,
                                    "fullEnd": 8,
                                    "text": " "
                                }
                            ]
                        }
                    },
                    "operatorToken": {
                        "kind": "EqualsToken",
                        "fullStart": 8,
                        "fullEnd": 10,
                        "start": 8,
                        "end": 9,
                        "fullWidth": 2,
                        "width": 1,
                        "text": "=",
                        "value": "=",
                        "valueText": "=",
                        "hasTrailingTrivia": true,
                        "trailingTrivia": [
                            {
                                "kind": "WhitespaceTrivia",
                                "fullStart": 9,
                                "fullEnd": 10,
                                "text": " "
                            }
                        ]
                    },
                    "right": {
                        "kind": "IdentifierName",
                        "fullStart": 10,
                        "fullEnd": 13,
                        "start": 10,
                        "end": 13,
                        "fullWidth": 3,
                        "width": 3,
                        "text": "bar",
                        "value": "bar",
                        "valueText": "bar"
                    }
                },
                "semicolonToken": {
                    "kind": "SemicolonToken",
                    "fullStart": 13,
                    "fullEnd": 14,
                    "start": 13,
                    "end": 14,
                    "fullWidth": 1,
                    "width": 1,
                    "text": ";",
                    "value": ";",
                    "valueText": ";"
                }
            }
        ],
        "endOfFileToken": {
            "kind": "EndOfFileToken",
            "fullStart": 14,
            "fullEnd": 14,
            "start": 14,
            "end": 14,
            "fullWidth": 0,
            "width": 0,
            "text": ""
        }
    },
    "lineMap": {
        "lineStarts": [
            0
        ],
        "length": 14
    }
}