{
    "isDeclaration": false,
    "languageVersion": "EcmaScript5",
    "diagnostics": [
        {
            "start": 7,
            "length": 2,
            "diagnosticCode": "'{0}' expected.",
            "arguments": [
                ";"
            ]
        },
        {
            "start": 9,
            "length": 1,
            "diagnosticCode": "Expression expected."
        }
    ],
    "sourceUnit": {
        "kind": "SourceUnit",
        "fullStart": 0,
        "fullEnd": 10,
        "start": 0,
        "end": 10,
        "fullWidth": 10,
        "width": 10,
        "isIncrementallyUnusable": true,
        "moduleElements": [
            {
                "kind": "ExpressionStatement",
                "fullStart": 0,
                "fullEnd": 7,
                "start": 0,
                "end": 6,
                "fullWidth": 7,
                "width": 6,
                "isIncrementallyUnusable": true,
                "expression": {
                    "kind": "PostIncrementExpression",
                    "fullStart": 0,
                    "fullEnd": 7,
                    "start": 0,
                    "end": 6,
                    "fullWidth": 7,
                    "width": 6,
                    "operand": {
                        "kind": "IdentifierName",
                        "fullStart": 0,
                        "fullEnd": 4,
                        "start": 0,
                        "end": 3,
                        "fullWidth": 4,
                        "width": 3,
                        "text": "foo",
                        "value": "foo",
                        "valueText": "foo",
                        "hasTrailingTrivia": true,
                        "trailingTrivia": [
                            {
                                "kind": "WhitespaceTrivia",
                                "fullStart": 3,
                                "fullEnd": 4,
                                "text": " "
                            }
                        ]
                    },
                    "operatorToken": {
                        "kind": "PlusPlusToken",
                        "fullStart": 4,
                        "fullEnd": 7,
                        "start": 4,
                        "end": 6,
                        "fullWidth": 3,
                        "width": 2,
                        "text": "++",
                        "value": "++",
                        "valueText": "++",
                        "hasTrailingTrivia": true,
                        "trailingTrivia": [
                            {
                                "kind": "WhitespaceTrivia",
                                "fullStart": 6,
                                "fullEnd": 7,
                                "text": " "
                            }
                        ]
                    }
                },
                "semicolonToken": {
                    "kind": "SemicolonToken",
                    "fullStart": 7,
                    "fullEnd": 7,
                    "start": 7,
                    "end": 7,
                    "fullWidth": 0,
                    "width": 0,
                    "text": ""
                }
            },
            {
                "kind": "ExpressionStatement",
                "fullStart": 7,
                "fullEnd": 10,
                "start": 7,
                "end": 10,
                "fullWidth": 3,
                "width": 3,
                "isIncrementallyUnusable": true,
                "expression": {
                    "kind": "PreIncrementExpression",
                    "fullStart": 7,
                    "fullEnd": 9,
                    "start": 7,
                    "end": 9,
                    "fullWidth": 2,
                    "width": 2,
                    "isIncrementallyUnusable": true,
                    "operatorToken": {
                        "kind": "PlusPlusToken",
                        "fullStart": 7,
                        "fullEnd": 9,
                        "start": 7,
                        "end": 9,
                        "fullWidth": 2,
                        "width": 2,
                        "text": "++",
                        "value": "++",
                        "valueText": "++"
                    },
                    "operand": {
                        "kind": "IdentifierName",
                        "fullStart": 9,
                        "fullEnd": 9,
                        "start": 9,
                        "end": 9,
                        "fullWidth": 0,
                        "width": 0,
                        "text": ""
                    }
                },
                "semicolonToken": {
                    "kind": "SemicolonToken",
                    "fullStart": 9,
                    "fullEnd": 10,
                    "start": 9,
                    "end": 10,
                    "fullWidth": 1,
                    "width": 1,
                    "text": ";",
                    "value": ";",
                    "valueText": ";"
                }
            }
        ],
        "endOfFileToken": {
            "kind": "EndOfFileToken",
            "fullStart": 10,
            "fullEnd": 10,
            "start": 10,
            "end": 10,
            "fullWidth": 0,
            "width": 0,
            "text": ""
        }
    },
    "lineMap": {
        "lineStarts": [
            0
        ],
        "length": 10
    }
}