{
    "isDeclaration": false,
    "languageVersion": "EcmaScript5",
    "sourceUnit": {
        "kind": "SourceUnit",
        "fullStart": 0,
        "fullEnd": 17,
        "start": 0,
        "end": 17,
        "fullWidth": 17,
        "width": 17,
        "moduleElements": [
            {
                "kind": "ExpressionStatement",
                "fullStart": 0,
                "fullEnd": 17,
                "start": 0,
                "end": 17,
                "fullWidth": 17,
                "width": 17,
                "expression": {
                    "kind": "PreIncrementExpression",
                    "fullStart": 0,
                    "fullEnd": 17,
                    "start": 0,
                    "end": 17,
                    "fullWidth": 17,
                    "width": 17,
                    "operatorToken": {
                        "kind": "PlusPlusToken",
                        "fullStart": 0,
                        "fullEnd": 3,
                        "start": 0,
                        "end": 2,
                        "fullWidth": 3,
                        "width": 2,
                        "text": "++",
                        "value": "++",
                        "valueText": "++",
                        "hasTrailingTrivia": true,
                        "trailingTrivia": [
                            {
                                "kind": "WhitespaceTrivia",
                                "fullStart": 2,
                                "fullEnd": 3,
                                "text": " "
                            }
                        ]
                    },
                    "operand": {
                        "kind": "DeleteExpression",
                        "fullStart": 3,
                        "fullEnd": 17,
                        "start": 3,
                        "end": 17,
                        "fullWidth": 14,
                        "width": 14,
                        "deleteKeyword": {
                            "kind": "DeleteKeyword",
                            "fullStart": 3,
                            "fullEnd": 10,
                            "start": 3,
                            "end": 9,
                            "fullWidth": 7,
                            "width": 6,
                            "text": "delete",
                            "value": "delete",
                            "valueText": "delete",
                            "hasTrailingTrivia": true,
                            "trailingTrivia": [
                                {
                                    "kind": "WhitespaceTrivia",
                                    "fullStart": 9,
                                    "fullEnd": 10,
                                    "text": " "
                                }
                            ]
                        },
                        "expression": {
                            "kind": "MemberAccessExpression",
                            "fullStart": 10,
                            "fullEnd": 17,
                            "start": 10,
                            "end": 17,
                            "fullWidth": 7,
                            "width": 7,
                            "expression": {
                                "kind": "IdentifierName",
                                "fullStart": 10,
                                "fullEnd": 13,
                                "start": 10,
                                "end": 13,
                                "fullWidth": 3,
                                "width": 3,
                                "text": "foo",
                                "value": "foo",
                                "valueText": "foo"
                            },
                            "dotToken": {
                                "kind": "DotToken",
                                "fullStart": 13,
                                "fullEnd": 14,
                                "start": 13,
                                "end": 14,
                                "fullWidth": 1,
                                "width": 1,
                                "text": ".",
                                "value": ".",
                                "valueText": "."
                            },
                            "name": {
                                "kind": "IdentifierName",
                                "fullStart": 14,
                                "fullEnd": 17,
                                "start": 14,
                                "end": 17,
                                "fullWidth": 3,
                                "width": 3,
                                "text": "bar",
                                "value": "bar",
                                "valueText": "bar"
                            }
                        }
                    }
                }
            }
        ],
        "endOfFileToken": {
            "kind": "EndOfFileToken",
            "fullStart": 17,
            "fullEnd": 17,
            "start": 17,
            "end": 17,
            "fullWidth": 0,
            "width": 0,
            "text": ""
        }
    },
    "lineMap": {
        "lineStarts": [
            0
        ],
        "length": 17
    }
}