{
    "isDeclaration": false,
    "languageVersion": "EcmaScript5",
    "sourceUnit": {
        "kind": "SourceUnit",
        "fullStart": 0,
        "fullEnd": 28,
        "start": 0,
        "end": 28,
        "fullWidth": 28,
        "width": 28,
        "moduleElements": [
            {
                "kind": "VariableStatement",
                "fullStart": 0,
                "fullEnd": 28,
                "start": 0,
                "end": 28,
                "fullWidth": 28,
                "width": 28,
                "modifiers": [],
                "variableDeclaration": {
                    "kind": "VariableDeclaration",
                    "fullStart": 0,
                    "fullEnd": 27,
                    "start": 0,
                    "end": 27,
                    "fullWidth": 27,
                    "width": 27,
                    "varKeyword": {
                        "kind": "VarKeyword",
                        "fullStart": 0,
                        "fullEnd": 4,
                        "start": 0,
                        "end": 3,
                        "fullWidth": 4,
                        "width": 3,
                        "text": "var",
                        "value": "var",
                        "valueText": "var",
                        "hasTrailingTrivia": true,
                        "trailingTrivia": [
                            {
                                "kind": "WhitespaceTrivia",
                                "fullStart": 3,
                                "fullEnd": 4,
                                "text": " "
                            }
                        ]
                    },
                    "variableDeclarators": [
                        {
                            "kind": "VariableDeclarator",
                            "fullStart": 4,
                            "fullEnd": 27,
                            "start": 4,
                            "end": 27,
                            "fullWidth": 23,
                            "width": 23,
                            "propertyName": {
                                "kind": "IdentifierName",
                                "fullStart": 4,
                                "fullEnd": 6,
                                "start": 4,
                                "end": 5,
                                "fullWidth": 2,
                                "width": 1,
                                "text": "v",
                                "value": "v",
                                "valueText": "v",
                                "hasTrailingTrivia": true,
                                "trailingTrivia": [
                                    {
                                        "kind": "WhitespaceTrivia",
                                        "fullStart": 5,
                                        "fullEnd": 6,
                                        "text": " "
                                    }
                                ]
                            },
                            "equalsValueClause": {
                                "kind": "EqualsValueClause",
                                "fullStart": 6,
                                "fullEnd": 27,
                                "start": 6,
                                "end": 27,
                                "fullWidth": 21,
                                "width": 21,
                                "equalsToken": {
                                    "kind": "EqualsToken",
                                    "fullStart": 6,
                                    "fullEnd": 8,
                                    "start": 6,
                                    "end": 7,
                                    "fullWidth": 2,
                                    "width": 1,
                                    "text": "=",
                                    "value": "=",
                                    "valueText": "=",
                                    "hasTrailingTrivia": true,
                                    "trailingTrivia": [
                                        {
                                            "kind": "WhitespaceTrivia",
                                            "fullStart": 7,
                                            "fullEnd": 8,
                                            "text": " "
                                        }
                                    ]
                                },
                                "value": {
                                    "kind": "ParenthesizedArrowFunctionExpression",
                                    "fullStart": 8,
                                    "fullEnd": 27,
                                    "start": 8,
                                    "end": 27,
                                    "fullWidth": 19,
                                    "width": 19,
                                    "callSignature": {
                                        "kind": "CallSignature",
                                        "fullStart": 8,
                                        "fullEnd": 15,
                                        "start": 8,
                                        "end": 14,
                                        "fullWidth": 7,
                                        "width": 6,
                                        "parameterList": {
                                            "kind": "ParameterList",
                                            "fullStart": 8,
                                            "fullEnd": 15,
                                            "start": 8,
                                            "end": 14,
                                            "fullWidth": 7,
                                            "width": 6,
                                            "openParenToken": {
                                                "kind": "OpenParenToken",
                                                "fullStart": 8,
                                                "fullEnd": 9,
                                                "start": 8,
                                                "end": 9,
                                                "fullWidth": 1,
                                                "width": 1,
                                                "text": "(",
                                                "value": "(",
                                                "valueText": "("
                                            },
                                            "parameters": [
                                                {
                                                    "kind": "Parameter",
                                                    "fullStart": 9,
                                                    "fullEnd": 10,
                                                    "start": 9,
                                                    "end": 10,
                                                    "fullWidth": 1,
                                                    "width": 1,
                                                    "modifiers": [],
                                                    "identifier": {
                                                        "kind": "IdentifierName",
                                                        "fullStart": 9,
                                                        "fullEnd": 10,
                                                        "start": 9,
                                                        "end": 10,
                                                        "fullWidth": 1,
                                                        "width": 1,
                                                        "text": "a",
                                                        "value": "a",
                                                        "valueText": "a"
                                                    }
                                                },
                                                {
                                                    "kind": "CommaToken",
                                                    "fullStart": 10,
                                                    "fullEnd": 12,
                                                    "start": 10,
                                                    "end": 11,
                                                    "fullWidth": 2,
                                                    "width": 1,
                                                    "text": ",",
                                                    "value": ",",
                                                    "valueText": ",",
                                                    "hasTrailingTrivia": true,
                                                    "trailingTrivia": [
                                                        {
                                                            "kind": "WhitespaceTrivia",
                                                            "fullStart": 11,
                                                            "fullEnd": 12,
                                                            "text": " "
                                                        }
                                                    ]
                                                },
                                                {
                                                    "kind": "Parameter",
                                                    "fullStart": 12,
                                                    "fullEnd": 13,
                                                    "start": 12,
                                                    "end": 13,
                                                    "fullWidth": 1,
                                                    "width": 1,
                                                    "modifiers": [],
                                                    "identifier": {
                                                        "kind": "IdentifierName",
                                                        "fullStart": 12,
                                                        "fullEnd": 13,
                                                        "start": 12,
                                                        "end": 13,
                                                        "fullWidth": 1,
                                                        "width": 1,
                                                        "text": "b",
                                                        "value": "b",
                                                        "valueText": "b"
                                                    }
                                                }
                                            ],
                                            "closeParenToken": {
                                                "kind": "CloseParenToken",
                                                "fullStart": 13,
                                                "fullEnd": 15,
                                                "start": 13,
                                                "end": 14,
                                                "fullWidth": 2,
                                                "width": 1,
                                                "text": ")",
                                                "value": ")",
                                                "valueText": ")",
                                                "hasTrailingTrivia": true,
                                                "trailingTrivia": [
                                                    {
                                                        "kind": "WhitespaceTrivia",
                                                        "fullStart": 14,
                                                        "fullEnd": 15,
                                                        "text": " "
                                                    }
                                                ]
                                            }
                                        }
                                    },
                                    "equalsGreaterThanToken": {
                                        "kind": "EqualsGreaterThanToken",
                                        "fullStart": 15,
                                        "fullEnd": 18,
                                        "start": 15,
                                        "end": 17,
                                        "fullWidth": 3,
                                        "width": 2,
                                        "text": "=>",
                                        "value": "=>",
                                        "valueText": "=>",
                                        "hasTrailingTrivia": true,
                                        "trailingTrivia": [
                                            {
                                                "kind": "WhitespaceTrivia",
                                                "fullStart": 17,
                                                "fullEnd": 18,
                                                "text": " "
                                            }
                                        ]
                                    },
                                    "block": {
                                        "kind": "Block",
                                        "fullStart": 18,
                                        "fullEnd": 27,
                                        "start": 18,
                                        "end": 27,
                                        "fullWidth": 9,
                                        "width": 9,
                                        "openBraceToken": {
                                            "kind": "OpenBraceToken",
                                            "fullStart": 18,
                                            "fullEnd": 21,
                                            "start": 18,
                                            "end": 19,
                                            "fullWidth": 3,
                                            "width": 1,
                                            "text": "{",
                                            "value": "{",
                                            "valueText": "{",
                                            "hasTrailingTrivia": true,
                                            "hasTrailingNewLine": true,
                                            "trailingTrivia": [
                                                {
                                                    "kind": "NewLineTrivia",
                                                    "fullStart": 19,
                                                    "fullEnd": 21,
                                                    "text": "\r\n"
                                                }
                                            ]
                                        },
                                        "statements": [],
                                        "closeBraceToken": {
                                            "kind": "CloseBraceToken",
                                            "fullStart": 21,
                                            "fullEnd": 27,
                                            "start": 26,
                                            "end": 27,
                                            "fullWidth": 6,
                                            "width": 1,
                                            "text": "}",
                                            "value": "}",
                                            "valueText": "}",
                                            "hasLeadingTrivia": true,
                                            "hasLeadingNewLine": true,
                                            "leadingTrivia": [
                                                {
                                                    "kind": "WhitespaceTrivia",
                                                    "fullStart": 21,
                                                    "fullEnd": 24,
                                                    "text": "   "
                                                },
                                                {
                                                    "kind": "NewLineTrivia",
                                                    "fullStart": 24,
                                                    "fullEnd": 26,
                                                    "text": "\r\n"
                                                }
                                            ]
                                        }
                                    }
                                }
                            }
                        }
                    ]
                },
                "semicolonToken": {
                    "kind": "SemicolonToken",
                    "fullStart": 27,
                    "fullEnd": 28,
                    "start": 27,
                    "end": 28,
                    "fullWidth": 1,
                    "width": 1,
                    "text": ";",
                    "value": ";",
                    "valueText": ";"
                }
            }
        ],
        "endOfFileToken": {
            "kind": "EndOfFileToken",
            "fullStart": 28,
            "fullEnd": 28,
            "start": 28,
            "end": 28,
            "fullWidth": 0,
            "width": 0,
            "text": ""
        }
    },
    "lineMap": {
        "lineStarts": [
            0,
            21,
            26
        ],
        "length": 28
    }
}