{
    "isDeclaration": false,
    "languageVersion": "EcmaScript5",
    "sourceUnit": {
        "kind": "SourceUnit",
        "fullStart": 0,
        "fullEnd": 29,
        "start": 0,
        "end": 29,
        "fullWidth": 29,
        "width": 29,
        "moduleElements": [
            {
                "kind": "FunctionDeclaration",
                "fullStart": 0,
                "fullEnd": 29,
                "start": 0,
                "end": 29,
                "fullWidth": 29,
                "width": 29,
                "modifiers": [],
                "functionKeyword": {
                    "kind": "FunctionKeyword",
                    "fullStart": 0,
                    "fullEnd": 9,
                    "start": 0,
                    "end": 8,
                    "fullWidth": 9,
                    "width": 8,
                    "text": "function",
                    "value": "function",
                    "valueText": "function",
                    "hasTrailingTrivia": true,
                    "trailingTrivia": [
                        {
                            "kind": "WhitespaceTrivia",
                            "fullStart": 8,
                            "fullEnd": 9,
                            "text": " "
                        }
                    ]
                },
                "identifier": {
                    "kind": "IdentifierName",
                    "fullStart": 9,
                    "fullEnd": 10,
                    "start": 9,
                    "end": 10,
                    "fullWidth": 1,
                    "width": 1,
                    "text": "f",
                    "value": "f",
                    "valueText": "f"
                },
                "callSignature": {
                    "kind": "CallSignature",
                    "fullStart": 10,
                    "fullEnd": 13,
                    "start": 10,
                    "end": 12,
                    "fullWidth": 3,
                    "width": 2,
                    "parameterList": {
                        "kind": "ParameterList",
                        "fullStart": 10,
                        "fullEnd": 13,
                        "start": 10,
                        "end": 12,
                        "fullWidth": 3,
                        "width": 2,
                        "openParenToken": {
                            "kind": "OpenParenToken",
                            "fullStart": 10,
                            "fullEnd": 11,
                            "start": 10,
                            "end": 11,
                            "fullWidth": 1,
                            "width": 1,
                            "text": "(",
                            "value": "(",
                            "valueText": "("
                        },
                        "parameters": [],
                        "closeParenToken": {
                            "kind": "CloseParenToken",
                            "fullStart": 11,
                            "fullEnd": 13,
                            "start": 11,
                            "end": 12,
                            "fullWidth": 2,
                            "width": 1,
                            "text": ")",
                            "value": ")",
                            "valueText": ")",
                            "hasTrailingTrivia": true,
                            "trailingTrivia": [
                                {
                                    "kind": "WhitespaceTrivia",
                                    "fullStart": 12,
                                    "fullEnd": 13,
                                    "text": " "
                                }
                            ]
                        }
                    }
                },
                "block": {
                    "kind": "Block",
                    "fullStart": 13,
                    "fullEnd": 29,
                    "start": 13,
                    "end": 29,
                    "fullWidth": 16,
                    "width": 16,
                    "openBraceToken": {
                        "kind": "OpenBraceToken",
                        "fullStart": 13,
                        "fullEnd": 16,
                        "start": 13,
                        "end": 14,
                        "fullWidth": 3,
                        "width": 1,
                        "text": "{",
                        "value": "{",
                        "valueText": "{",
                        "hasTrailingTrivia": true,
                        "hasTrailingNewLine": true,
                        "trailingTrivia": [
                            {
                                "kind": "NewLineTrivia",
                                "fullStart": 14,
                                "fullEnd": 16,
                                "text": "\r\n"
                            }
                        ]
                    },
                    "statements": [
                        {
                            "kind": "ReturnStatement",
                            "fullStart": 16,
                            "fullEnd": 28,
                            "start": 19,
                            "end": 26,
                            "fullWidth": 12,
                            "width": 7,
                            "returnKeyword": {
                                "kind": "ReturnKeyword",
                                "fullStart": 16,
                                "fullEnd": 25,
                                "start": 19,
                                "end": 25,
                                "fullWidth": 9,
                                "width": 6,
                                "text": "return",
                                "value": "return",
                                "valueText": "return",
                                "hasLeadingTrivia": true,
                                "leadingTrivia": [
                                    {
                                        "kind": "WhitespaceTrivia",
                                        "fullStart": 16,
                                        "fullEnd": 19,
                                        "text": "   "
                                    }
                                ]
                            },
                            "semicolonToken": {
                                "kind": "SemicolonToken",
                                "fullStart": 25,
                                "fullEnd": 28,
                                "start": 25,
                                "end": 26,
                                "fullWidth": 3,
                                "width": 1,
                                "text": ";",
                                "value": ";",
                                "valueText": ";",
                                "hasTrailingTrivia": true,
                                "hasTrailingNewLine": true,
                                "trailingTrivia": [
                                    {
                                        "kind": "NewLineTrivia",
                                        "fullStart": 26,
                                        "fullEnd": 28,
                                        "text": "\r\n"
                                    }
                                ]
                            }
                        }
                    ],
                    "closeBraceToken": {
                        "kind": "CloseBraceToken",
                        "fullStart": 28,
                        "fullEnd": 29,
                        "start": 28,
                        "end": 29,
                        "fullWidth": 1,
                        "width": 1,
                        "text": "}",
                        "value": "}",
                        "valueText": "}"
                    }
                }
            }
        ],
        "endOfFileToken": {
            "kind": "EndOfFileToken",
            "fullStart": 29,
            "fullEnd": 29,
            "start": 29,
            "end": 29,
            "fullWidth": 0,
            "width": 0,
            "text": ""
        }
    },
    "lineMap": {
        "lineStarts": [
            0,
            16,
            28
        ],
        "length": 29
    }
}