{
    "isDeclaration": false,
    "languageVersion": "EcmaScript5",
    "diagnostics": [
        {
            "start": 25,
            "length": 1,
            "diagnosticCode": "Invalid use of '{0}' in strict mode.",
            "arguments": [
                "arguments"
            ]
        }
    ],
    "sourceUnit": {
        "kind": "SourceUnit",
        "fullStart": 0,
        "fullEnd": 29,
        "start": 0,
        "end": 29,
        "fullWidth": 29,
        "width": 29,
        "moduleElements": [
            {
                "kind": "ExpressionStatement",
                "fullStart": 0,
                "fullEnd": 15,
                "start": 0,
                "end": 13,
                "fullWidth": 15,
                "width": 13,
                "expression": {
                    "kind": "StringLiteral",
                    "fullStart": 0,
                    "fullEnd": 12,
                    "start": 0,
                    "end": 12,
                    "fullWidth": 12,
                    "width": 12,
                    "text": "\"use strict\"",
                    "value": "use strict",
                    "valueText": "use strict"
                },
                "semicolonToken": {
                    "kind": "SemicolonToken",
                    "fullStart": 12,
                    "fullEnd": 15,
                    "start": 12,
                    "end": 13,
                    "fullWidth": 3,
                    "width": 1,
                    "text": ";",
                    "value": ";",
                    "valueText": ";",
                    "hasTrailingTrivia": true,
                    "hasTrailingNewLine": true,
                    "trailingTrivia": [
                        {
                            "kind": "NewLineTrivia",
                            "fullStart": 13,
                            "fullEnd": 15,
                            "text": "\r\n"
                        }
                    ]
                }
            },
            {
                "kind": "ExpressionStatement",
                "fullStart": 15,
                "fullEnd": 29,
                "start": 15,
                "end": 29,
                "fullWidth": 14,
                "width": 14,
                "parsedInStrictMode": true,
                "expression": {
                    "kind": "AssignmentExpression",
                    "fullStart": 15,
                    "fullEnd": 28,
                    "start": 15,
                    "end": 28,
                    "fullWidth": 13,
                    "width": 13,
                    "parsedInStrictMode": true,
                    "left": {
                        "kind": "IdentifierName",
                        "fullStart": 15,
                        "fullEnd": 25,
                        "start": 15,
                        "end": 24,
                        "fullWidth": 10,
                        "width": 9,
                        "text": "arguments",
                        "value": "arguments",
                        "valueText": "arguments",
                        "hasTrailingTrivia": true,
                        "trailingTrivia": [
                            {
                                "kind": "WhitespaceTrivia",
                                "fullStart": 24,
                                "fullEnd": 25,
                                "text": " "
                            }
                        ]
                    },
                    "operatorToken": {
                        "kind": "EqualsToken",
                        "fullStart": 25,
                        "fullEnd": 27,
                        "start": 25,
                        "end": 26,
                        "fullWidth": 2,
                        "width": 1,
                        "text": "=",
                        "value": "=",
                        "valueText": "=",
                        "hasTrailingTrivia": true,
                        "trailingTrivia": [
                            {
                                "kind": "WhitespaceTrivia",
                                "fullStart": 26,
                                "fullEnd": 27,
                                "text": " "
                            }
                        ]
                    },
                    "right": {
                        "kind": "NumericLiteral",
                        "fullStart": 27,
                        "fullEnd": 28,
                        "start": 27,
                        "end": 28,
                        "fullWidth": 1,
                        "width": 1,
                        "text": "1",
                        "value": 1,
                        "valueText": "1"
                    }
                },
                "semicolonToken": {
                    "kind": "SemicolonToken",
                    "fullStart": 28,
                    "fullEnd": 29,
                    "start": 28,
                    "end": 29,
                    "fullWidth": 1,
                    "width": 1,
                    "text": ";",
                    "value": ";",
                    "valueText": ";"
                }
            }
        ],
        "endOfFileToken": {
            "kind": "EndOfFileToken",
            "fullStart": 29,
            "fullEnd": 29,
            "start": 29,
            "end": 29,
            "fullWidth": 0,
            "width": 0,
            "text": ""
        }
    },
    "lineMap": {
        "lineStarts": [
            0,
            15
        ],
        "length": 29
    }
}