{
    "isDeclaration": false,
    "languageVersion": "EcmaScript5",
    "diagnostics": [
        {
            "start": 15,
            "length": 6,
            "diagnosticCode": "'delete' cannot be called on an identifier in strict mode."
        }
    ],
    "sourceUnit": {
        "kind": "SourceUnit",
        "fullStart": 0,
        "fullEnd": 24,
        "start": 0,
        "end": 24,
        "fullWidth": 24,
        "width": 24,
        "moduleElements": [
            {
                "kind": "ExpressionStatement",
                "fullStart": 0,
                "fullEnd": 15,
                "start": 0,
                "end": 13,
                "fullWidth": 15,
                "width": 13,
                "expression": {
                    "kind": "StringLiteral",
                    "fullStart": 0,
                    "fullEnd": 12,
                    "start": 0,
                    "end": 12,
                    "fullWidth": 12,
                    "width": 12,
                    "text": "\"use strict\"",
                    "value": "use strict",
                    "valueText": "use strict"
                },
                "semicolonToken": {
                    "kind": "SemicolonToken",
                    "fullStart": 12,
                    "fullEnd": 15,
                    "start": 12,
                    "end": 13,
                    "fullWidth": 3,
                    "width": 1,
                    "text": ";",
                    "value": ";",
                    "valueText": ";",
                    "hasTrailingTrivia": true,
                    "hasTrailingNewLine": true,
                    "trailingTrivia": [
                        {
                            "kind": "NewLineTrivia",
                            "fullStart": 13,
                            "fullEnd": 15,
                            "text": "\r\n"
                        }
                    ]
                }
            },
            {
                "kind": "ExpressionStatement",
                "fullStart": 15,
                "fullEnd": 24,
                "start": 15,
                "end": 24,
                "fullWidth": 9,
                "width": 9,
                "parsedInStrictMode": true,
                "expression": {
                    "kind": "DeleteExpression",
                    "fullStart": 15,
                    "fullEnd": 23,
                    "start": 15,
                    "end": 23,
                    "fullWidth": 8,
                    "width": 8,
                    "parsedInStrictMode": true,
                    "deleteKeyword": {
                        "kind": "DeleteKeyword",
                        "fullStart": 15,
                        "fullEnd": 22,
                        "start": 15,
                        "end": 21,
                        "fullWidth": 7,
                        "width": 6,
                        "text": "delete",
                        "value": "delete",
                        "valueText": "delete",
                        "hasTrailingTrivia": true,
                        "trailingTrivia": [
                            {
                                "kind": "WhitespaceTrivia",
                                "fullStart": 21,
                                "fullEnd": 22,
                                "text": " "
                            }
                        ]
                    },
                    "expression": {
                        "kind": "IdentifierName",
                        "fullStart": 22,
                        "fullEnd": 23,
                        "start": 22,
                        "end": 23,
                        "fullWidth": 1,
                        "width": 1,
                        "text": "a",
                        "value": "a",
                        "valueText": "a"
                    }
                },
                "semicolonToken": {
                    "kind": "SemicolonToken",
                    "fullStart": 23,
                    "fullEnd": 24,
                    "start": 23,
                    "end": 24,
                    "fullWidth": 1,
                    "width": 1,
                    "text": ";",
                    "value": ";",
                    "valueText": ";"
                }
            }
        ],
        "endOfFileToken": {
            "kind": "EndOfFileToken",
            "fullStart": 24,
            "fullEnd": 24,
            "start": 24,
            "end": 24,
            "fullWidth": 0,
            "width": 0,
            "text": ""
        }
    },
    "lineMap": {
        "lineStarts": [
            0,
            15
        ],
        "length": 24
    }
}