{
    "isDeclaration": false,
    "languageVersion": "EcmaScript5",
    "diagnostics": [
        {
            "start": 15,
            "length": 4,
            "diagnosticCode": "'with' statements are not allowed in strict mode."
        }
    ],
    "sourceUnit": {
        "kind": "SourceUnit",
        "fullStart": 0,
        "fullEnd": 28,
        "start": 0,
        "end": 28,
        "fullWidth": 28,
        "width": 28,
        "moduleElements": [
            {
                "kind": "ExpressionStatement",
                "fullStart": 0,
                "fullEnd": 15,
                "start": 0,
                "end": 13,
                "fullWidth": 15,
                "width": 13,
                "expression": {
                    "kind": "StringLiteral",
                    "fullStart": 0,
                    "fullEnd": 12,
                    "start": 0,
                    "end": 12,
                    "fullWidth": 12,
                    "width": 12,
                    "text": "\"use strict\"",
                    "value": "use strict",
                    "valueText": "use strict"
                },
                "semicolonToken": {
                    "kind": "SemicolonToken",
                    "fullStart": 12,
                    "fullEnd": 15,
                    "start": 12,
                    "end": 13,
                    "fullWidth": 3,
                    "width": 1,
                    "text": ";",
                    "value": ";",
                    "valueText": ";",
                    "hasTrailingTrivia": true,
                    "hasTrailingNewLine": true,
                    "trailingTrivia": [
                        {
                            "kind": "NewLineTrivia",
                            "fullStart": 13,
                            "fullEnd": 15,
                            "text": "\r\n"
                        }
                    ]
                }
            },
            {
                "kind": "WithStatement",
                "fullStart": 15,
                "fullEnd": 28,
                "start": 15,
                "end": 28,
                "fullWidth": 13,
                "width": 13,
                "parsedInStrictMode": true,
                "withKeyword": {
                    "kind": "WithKeyword",
                    "fullStart": 15,
                    "fullEnd": 20,
                    "start": 15,
                    "end": 19,
                    "fullWidth": 5,
                    "width": 4,
                    "text": "with",
                    "value": "with",
                    "valueText": "with",
                    "hasTrailingTrivia": true,
                    "trailingTrivia": [
                        {
                            "kind": "WhitespaceTrivia",
                            "fullStart": 19,
                            "fullEnd": 20,
                            "text": " "
                        }
                    ]
                },
                "openParenToken": {
                    "kind": "OpenParenToken",
                    "fullStart": 20,
                    "fullEnd": 21,
                    "start": 20,
                    "end": 21,
                    "fullWidth": 1,
                    "width": 1,
                    "text": "(",
                    "value": "(",
                    "valueText": "("
                },
                "condition": {
                    "kind": "IdentifierName",
                    "fullStart": 21,
                    "fullEnd": 22,
                    "start": 21,
                    "end": 22,
                    "fullWidth": 1,
                    "width": 1,
                    "text": "a",
                    "value": "a",
                    "valueText": "a"
                },
                "closeParenToken": {
                    "kind": "CloseParenToken",
                    "fullStart": 22,
                    "fullEnd": 24,
                    "start": 22,
                    "end": 23,
                    "fullWidth": 2,
                    "width": 1,
                    "text": ")",
                    "value": ")",
                    "valueText": ")",
                    "hasTrailingTrivia": true,
                    "trailingTrivia": [
                        {
                            "kind": "WhitespaceTrivia",
                            "fullStart": 23,
                            "fullEnd": 24,
                            "text": " "
                        }
                    ]
                },
                "statement": {
                    "kind": "Block",
                    "fullStart": 24,
                    "fullEnd": 28,
                    "start": 24,
                    "end": 28,
                    "fullWidth": 4,
                    "width": 4,
                    "parsedInStrictMode": true,
                    "openBraceToken": {
                        "kind": "OpenBraceToken",
                        "fullStart": 24,
                        "fullEnd": 27,
                        "start": 24,
                        "end": 25,
                        "fullWidth": 3,
                        "width": 1,
                        "text": "{",
                        "value": "{",
                        "valueText": "{",
                        "hasTrailingTrivia": true,
                        "hasTrailingNewLine": true,
                        "trailingTrivia": [
                            {
                                "kind": "NewLineTrivia",
                                "fullStart": 25,
                                "fullEnd": 27,
                                "text": "\r\n"
                            }
                        ]
                    },
                    "statements": [],
                    "closeBraceToken": {
                        "kind": "CloseBraceToken",
                        "fullStart": 27,
                        "fullEnd": 28,
                        "start": 27,
                        "end": 28,
                        "fullWidth": 1,
                        "width": 1,
                        "text": "}",
                        "value": "}",
                        "valueText": "}"
                    }
                }
            }
        ],
        "endOfFileToken": {
            "kind": "EndOfFileToken",
            "fullStart": 28,
            "fullEnd": 28,
            "start": 28,
            "end": 28,
            "fullWidth": 0,
            "width": 0,
            "text": ""
        }
    },
    "lineMap": {
        "lineStarts": [
            0,
            15,
            27
        ],
        "length": 28
    }
}