{
    "isDeclaration": false,
    "languageVersion": "EcmaScript5",
    "diagnostics": [
        {
            "start": 15,
            "length": 2,
            "diagnosticCode": "Invalid use of '{0}' in strict mode.",
            "arguments": [
                "eval"
            ]
        }
    ],
    "sourceUnit": {
        "kind": "SourceUnit",
        "fullStart": 0,
        "fullEnd": 22,
        "start": 0,
        "end": 22,
        "fullWidth": 22,
        "width": 22,
        "moduleElements": [
            {
                "kind": "ExpressionStatement",
                "fullStart": 0,
                "fullEnd": 15,
                "start": 0,
                "end": 13,
                "fullWidth": 15,
                "width": 13,
                "expression": {
                    "kind": "StringLiteral",
                    "fullStart": 0,
                    "fullEnd": 12,
                    "start": 0,
                    "end": 12,
                    "fullWidth": 12,
                    "width": 12,
                    "text": "\"use strict\"",
                    "value": "use strict",
                    "valueText": "use strict"
                },
                "semicolonToken": {
                    "kind": "SemicolonToken",
                    "fullStart": 12,
                    "fullEnd": 15,
                    "start": 12,
                    "end": 13,
                    "fullWidth": 3,
                    "width": 1,
                    "text": ";",
                    "value": ";",
                    "valueText": ";",
                    "hasTrailingTrivia": true,
                    "hasTrailingNewLine": true,
                    "trailingTrivia": [
                        {
                            "kind": "NewLineTrivia",
                            "fullStart": 13,
                            "fullEnd": 15,
                            "text": "\r\n"
                        }
                    ]
                }
            },
            {
                "kind": "ExpressionStatement",
                "fullStart": 15,
                "fullEnd": 22,
                "start": 15,
                "end": 22,
                "fullWidth": 7,
                "width": 7,
                "parsedInStrictMode": true,
                "expression": {
                    "kind": "PreIncrementExpression",
                    "fullStart": 15,
                    "fullEnd": 21,
                    "start": 15,
                    "end": 21,
                    "fullWidth": 6,
                    "width": 6,
                    "parsedInStrictMode": true,
                    "operatorToken": {
                        "kind": "PlusPlusToken",
                        "fullStart": 15,
                        "fullEnd": 17,
                        "start": 15,
                        "end": 17,
                        "fullWidth": 2,
                        "width": 2,
                        "text": "++",
                        "value": "++",
                        "valueText": "++"
                    },
                    "operand": {
                        "kind": "IdentifierName",
                        "fullStart": 17,
                        "fullEnd": 21,
                        "start": 17,
                        "end": 21,
                        "fullWidth": 4,
                        "width": 4,
                        "text": "eval",
                        "value": "eval",
                        "valueText": "eval"
                    }
                },
                "semicolonToken": {
                    "kind": "SemicolonToken",
                    "fullStart": 21,
                    "fullEnd": 22,
                    "start": 21,
                    "end": 22,
                    "fullWidth": 1,
                    "width": 1,
                    "text": ";",
                    "value": ";",
                    "valueText": ";"
                }
            }
        ],
        "endOfFileToken": {
            "kind": "EndOfFileToken",
            "fullStart": 22,
            "fullEnd": 22,
            "start": 22,
            "end": 22,
            "fullWidth": 0,
            "width": 0,
            "text": ""
        }
    },
    "lineMap": {
        "lineStarts": [
            0,
            15
        ],
        "length": 22
    }
}