{
    "isDeclaration": false,
    "languageVersion": "EcmaScript5",
    "diagnostics": [
        {
            "start": 34,
            "length": 4,
            "diagnosticCode": "Invalid use of '{0}' in strict mode.",
            "arguments": [
                "eval"
            ]
        }
    ],
    "sourceUnit": {
        "kind": "SourceUnit",
        "fullStart": 0,
        "fullEnd": 45,
        "start": 0,
        "end": 45,
        "fullWidth": 45,
        "width": 45,
        "moduleElements": [
            {
                "kind": "ExpressionStatement",
                "fullStart": 0,
                "fullEnd": 15,
                "start": 0,
                "end": 13,
                "fullWidth": 15,
                "width": 13,
                "expression": {
                    "kind": "StringLiteral",
                    "fullStart": 0,
                    "fullEnd": 12,
                    "start": 0,
                    "end": 12,
                    "fullWidth": 12,
                    "width": 12,
                    "text": "\"use strict\"",
                    "value": "use strict",
                    "valueText": "use strict"
                },
                "semicolonToken": {
                    "kind": "SemicolonToken",
                    "fullStart": 12,
                    "fullEnd": 15,
                    "start": 12,
                    "end": 13,
                    "fullWidth": 3,
                    "width": 1,
                    "text": ";",
                    "value": ";",
                    "valueText": ";",
                    "hasTrailingTrivia": true,
                    "hasTrailingNewLine": true,
                    "trailingTrivia": [
                        {
                            "kind": "NewLineTrivia",
                            "fullStart": 13,
                            "fullEnd": 15,
                            "text": "\r\n"
                        }
                    ]
                }
            },
            {
                "kind": "VariableStatement",
                "fullStart": 15,
                "fullEnd": 45,
                "start": 15,
                "end": 45,
                "fullWidth": 30,
                "width": 30,
                "parsedInStrictMode": true,
                "modifiers": [],
                "variableDeclaration": {
                    "kind": "VariableDeclaration",
                    "fullStart": 15,
                    "fullEnd": 44,
                    "start": 15,
                    "end": 44,
                    "fullWidth": 29,
                    "width": 29,
                    "parsedInStrictMode": true,
                    "varKeyword": {
                        "kind": "VarKeyword",
                        "fullStart": 15,
                        "fullEnd": 19,
                        "start": 15,
                        "end": 18,
                        "fullWidth": 4,
                        "width": 3,
                        "text": "var",
                        "value": "var",
                        "valueText": "var",
                        "hasTrailingTrivia": true,
                        "trailingTrivia": [
                            {
                                "kind": "WhitespaceTrivia",
                                "fullStart": 18,
                                "fullEnd": 19,
                                "text": " "
                            }
                        ]
                    },
                    "variableDeclarators": [
                        {
                            "kind": "VariableDeclarator",
                            "fullStart": 19,
                            "fullEnd": 44,
                            "start": 19,
                            "end": 44,
                            "fullWidth": 25,
                            "width": 25,
                            "parsedInStrictMode": true,
                            "propertyName": {
                                "kind": "IdentifierName",
                                "fullStart": 19,
                                "fullEnd": 21,
                                "start": 19,
                                "end": 20,
                                "fullWidth": 2,
                                "width": 1,
                                "text": "v",
                                "value": "v",
                                "valueText": "v",
                                "hasTrailingTrivia": true,
                                "trailingTrivia": [
                                    {
                                        "kind": "WhitespaceTrivia",
                                        "fullStart": 20,
                                        "fullEnd": 21,
                                        "text": " "
                                    }
                                ]
                            },
                            "equalsValueClause": {
                                "kind": "EqualsValueClause",
                                "fullStart": 21,
                                "fullEnd": 44,
                                "start": 21,
                                "end": 44,
                                "fullWidth": 23,
                                "width": 23,
                                "parsedInStrictMode": true,
                                "equalsToken": {
                                    "kind": "EqualsToken",
                                    "fullStart": 21,
                                    "fullEnd": 23,
                                    "start": 21,
                                    "end": 22,
                                    "fullWidth": 2,
                                    "width": 1,
                                    "text": "=",
                                    "value": "=",
                                    "valueText": "=",
                                    "hasTrailingTrivia": true,
                                    "trailingTrivia": [
                                        {
                                            "kind": "WhitespaceTrivia",
                                            "fullStart": 22,
                                            "fullEnd": 23,
                                            "text": " "
                                        }
                                    ]
                                },
                                "value": {
                                    "kind": "FunctionExpression",
                                    "fullStart": 23,
                                    "fullEnd": 44,
                                    "start": 23,
                                    "end": 44,
                                    "fullWidth": 21,
                                    "width": 21,
                                    "parsedInStrictMode": true,
                                    "functionKeyword": {
                                        "kind": "FunctionKeyword",
                                        "fullStart": 23,
                                        "fullEnd": 32,
                                        "start": 23,
                                        "end": 31,
                                        "fullWidth": 9,
                                        "width": 8,
                                        "text": "function",
                                        "value": "function",
                                        "valueText": "function",
                                        "hasTrailingTrivia": true,
                                        "trailingTrivia": [
                                            {
                                                "kind": "WhitespaceTrivia",
                                                "fullStart": 31,
                                                "fullEnd": 32,
                                                "text": " "
                                            }
                                        ]
                                    },
                                    "identifier": {
                                        "kind": "IdentifierName",
                                        "fullStart": 32,
                                        "fullEnd": 33,
                                        "start": 32,
                                        "end": 33,
                                        "fullWidth": 1,
                                        "width": 1,
                                        "text": "f",
                                        "value": "f",
                                        "valueText": "f"
                                    },
                                    "callSignature": {
                                        "kind": "CallSignature",
                                        "fullStart": 33,
                                        "fullEnd": 40,
                                        "start": 33,
                                        "end": 39,
                                        "fullWidth": 7,
                                        "width": 6,
                                        "parsedInStrictMode": true,
                                        "parameterList": {
                                            "kind": "ParameterList",
                                            "fullStart": 33,
                                            "fullEnd": 40,
                                            "start": 33,
                                            "end": 39,
                                            "fullWidth": 7,
                                            "width": 6,
                                            "parsedInStrictMode": true,
                                            "openParenToken": {
                                                "kind": "OpenParenToken",
                                                "fullStart": 33,
                                                "fullEnd": 34,
                                                "start": 33,
                                                "end": 34,
                                                "fullWidth": 1,
                                                "width": 1,
                                                "text": "(",
                                                "value": "(",
                                                "valueText": "("
                                            },
                                            "parameters": [
                                                {
                                                    "kind": "Parameter",
                                                    "fullStart": 34,
                                                    "fullEnd": 38,
                                                    "start": 34,
                                                    "end": 38,
                                                    "fullWidth": 4,
                                                    "width": 4,
                                                    "parsedInStrictMode": true,
                                                    "modifiers": [],
                                                    "identifier": {
                                                        "kind": "IdentifierName",
                                                        "fullStart": 34,
                                                        "fullEnd": 38,
                                                        "start": 34,
                                                        "end": 38,
                                                        "fullWidth": 4,
                                                        "width": 4,
                                                        "text": "eval",
                                                        "value": "eval",
                                                        "valueText": "eval"
                                                    }
                                                }
                                            ],
                                            "closeParenToken": {
                                                "kind": "CloseParenToken",
                                                "fullStart": 38,
                                                "fullEnd": 40,
                                                "start": 38,
                                                "end": 39,
                                                "fullWidth": 2,
                                                "width": 1,
                                                "text": ")",
                                                "value": ")",
                                                "valueText": ")",
                                                "hasTrailingTrivia": true,
                                                "trailingTrivia": [
                                                    {
                                                        "kind": "WhitespaceTrivia",
                                                        "fullStart": 39,
                                                        "fullEnd": 40,
                                                        "text": " "
                                                    }
                                                ]
                                            }
                                        }
                                    },
                                    "block": {
                                        "kind": "Block",
                                        "fullStart": 40,
                                        "fullEnd": 44,
                                        "start": 40,
                                        "end": 44,
                                        "fullWidth": 4,
                                        "width": 4,
                                        "parsedInStrictMode": true,
                                        "openBraceToken": {
                                            "kind": "OpenBraceToken",
                                            "fullStart": 40,
                                            "fullEnd": 43,
                                            "start": 40,
                                            "end": 41,
                                            "fullWidth": 3,
                                            "width": 1,
                                            "text": "{",
                                            "value": "{",
                                            "valueText": "{",
                                            "hasTrailingTrivia": true,
                                            "hasTrailingNewLine": true,
                                            "trailingTrivia": [
                                                {
                                                    "kind": "NewLineTrivia",
                                                    "fullStart": 41,
                                                    "fullEnd": 43,
                                                    "text": "\r\n"
                                                }
                                            ]
                                        },
                                        "statements": [],
                                        "closeBraceToken": {
                                            "kind": "CloseBraceToken",
                                            "fullStart": 43,
                                            "fullEnd": 44,
                                            "start": 43,
                                            "end": 44,
                                            "fullWidth": 1,
                                            "width": 1,
                                            "text": "}",
                                            "value": "}",
                                            "valueText": "}"
                                        }
                                    }
                                }
                            }
                        }
                    ]
                },
                "semicolonToken": {
                    "kind": "SemicolonToken",
                    "fullStart": 44,
                    "fullEnd": 45,
                    "start": 44,
                    "end": 45,
                    "fullWidth": 1,
                    "width": 1,
                    "text": ";",
                    "value": ";",
                    "valueText": ";"
                }
            }
        ],
        "endOfFileToken": {
            "kind": "EndOfFileToken",
            "fullStart": 45,
            "fullEnd": 45,
            "start": 45,
            "end": 45,
            "fullWidth": 0,
            "width": 0,
            "text": ""
        }
    },
    "lineMap": {
        "lineStarts": [
            0,
            15,
            43
        ],
        "length": 45
    }
}