{
    "isDeclaration": false,
    "languageVersion": "EcmaScript5",
    "diagnostics": [
        {
            "start": 24,
            "length": 4,
            "diagnosticCode": "Invalid use of '{0}' in strict mode.",
            "arguments": [
                "eval"
            ]
        }
    ],
    "sourceUnit": {
        "kind": "SourceUnit",
        "fullStart": 0,
        "fullEnd": 35,
        "start": 0,
        "end": 35,
        "fullWidth": 35,
        "width": 35,
        "moduleElements": [
            {
                "kind": "ExpressionStatement",
                "fullStart": 0,
                "fullEnd": 15,
                "start": 0,
                "end": 13,
                "fullWidth": 15,
                "width": 13,
                "expression": {
                    "kind": "StringLiteral",
                    "fullStart": 0,
                    "fullEnd": 12,
                    "start": 0,
                    "end": 12,
                    "fullWidth": 12,
                    "width": 12,
                    "text": "\"use strict\"",
                    "value": "use strict",
                    "valueText": "use strict"
                },
                "semicolonToken": {
                    "kind": "SemicolonToken",
                    "fullStart": 12,
                    "fullEnd": 15,
                    "start": 12,
                    "end": 13,
                    "fullWidth": 3,
                    "width": 1,
                    "text": ";",
                    "value": ";",
                    "valueText": ";",
                    "hasTrailingTrivia": true,
                    "hasTrailingNewLine": true,
                    "trailingTrivia": [
                        {
                            "kind": "NewLineTrivia",
                            "fullStart": 13,
                            "fullEnd": 15,
                            "text": "\r\n"
                        }
                    ]
                }
            },
            {
                "kind": "FunctionDeclaration",
                "fullStart": 15,
                "fullEnd": 35,
                "start": 15,
                "end": 35,
                "fullWidth": 20,
                "width": 20,
                "parsedInStrictMode": true,
                "modifiers": [],
                "functionKeyword": {
                    "kind": "FunctionKeyword",
                    "fullStart": 15,
                    "fullEnd": 24,
                    "start": 15,
                    "end": 23,
                    "fullWidth": 9,
                    "width": 8,
                    "text": "function",
                    "value": "function",
                    "valueText": "function",
                    "hasTrailingTrivia": true,
                    "trailingTrivia": [
                        {
                            "kind": "WhitespaceTrivia",
                            "fullStart": 23,
                            "fullEnd": 24,
                            "text": " "
                        }
                    ]
                },
                "identifier": {
                    "kind": "IdentifierName",
                    "fullStart": 24,
                    "fullEnd": 28,
                    "start": 24,
                    "end": 28,
                    "fullWidth": 4,
                    "width": 4,
                    "text": "eval",
                    "value": "eval",
                    "valueText": "eval"
                },
                "callSignature": {
                    "kind": "CallSignature",
                    "fullStart": 28,
                    "fullEnd": 31,
                    "start": 28,
                    "end": 30,
                    "fullWidth": 3,
                    "width": 2,
                    "parsedInStrictMode": true,
                    "parameterList": {
                        "kind": "ParameterList",
                        "fullStart": 28,
                        "fullEnd": 31,
                        "start": 28,
                        "end": 30,
                        "fullWidth": 3,
                        "width": 2,
                        "parsedInStrictMode": true,
                        "openParenToken": {
                            "kind": "OpenParenToken",
                            "fullStart": 28,
                            "fullEnd": 29,
                            "start": 28,
                            "end": 29,
                            "fullWidth": 1,
                            "width": 1,
                            "text": "(",
                            "value": "(",
                            "valueText": "("
                        },
                        "parameters": [],
                        "closeParenToken": {
                            "kind": "CloseParenToken",
                            "fullStart": 29,
                            "fullEnd": 31,
                            "start": 29,
                            "end": 30,
                            "fullWidth": 2,
                            "width": 1,
                            "text": ")",
                            "value": ")",
                            "valueText": ")",
                            "hasTrailingTrivia": true,
                            "trailingTrivia": [
                                {
                                    "kind": "WhitespaceTrivia",
                                    "fullStart": 30,
                                    "fullEnd": 31,
                                    "text": " "
                                }
                            ]
                        }
                    }
                },
                "block": {
                    "kind": "Block",
                    "fullStart": 31,
                    "fullEnd": 35,
                    "start": 31,
                    "end": 35,
                    "fullWidth": 4,
                    "width": 4,
                    "parsedInStrictMode": true,
                    "openBraceToken": {
                        "kind": "OpenBraceToken",
                        "fullStart": 31,
                        "fullEnd": 34,
                        "start": 31,
                        "end": 32,
                        "fullWidth": 3,
                        "width": 1,
                        "text": "{",
                        "value": "{",
                        "valueText": "{",
                        "hasTrailingTrivia": true,
                        "hasTrailingNewLine": true,
                        "trailingTrivia": [
                            {
                                "kind": "NewLineTrivia",
                                "fullStart": 32,
                                "fullEnd": 34,
                                "text": "\r\n"
                            }
                        ]
                    },
                    "statements": [],
                    "closeBraceToken": {
                        "kind": "CloseBraceToken",
                        "fullStart": 34,
                        "fullEnd": 35,
                        "start": 34,
                        "end": 35,
                        "fullWidth": 1,
                        "width": 1,
                        "text": "}",
                        "value": "}",
                        "valueText": "}"
                    }
                }
            }
        ],
        "endOfFileToken": {
            "kind": "EndOfFileToken",
            "fullStart": 35,
            "fullEnd": 35,
            "start": 35,
            "end": 35,
            "fullWidth": 0,
            "width": 0,
            "text": ""
        }
    },
    "lineMap": {
        "lineStarts": [
            0,
            15,
            34
        ],
        "length": 35
    }
}